goos: darwin
goarch: arm64
pkg: github.com/JuanHuaXu/eventframed/internal/researchregimelog
cpu: Apple M4
BenchmarkLedgerOperations/M2/T32/PendingSecond-10         	     183	    648867 ns/op	  704419 B/op	      46 allocs/op
BenchmarkLedgerOperations/M2/T32/PendingSecond-10         	     183	    653787 ns/op	  704417 B/op	      46 allocs/op
BenchmarkLedgerOperations/M2/T32/PendingFirst-10          	     175	    660554 ns/op	  704418 B/op	      46 allocs/op
BenchmarkLedgerOperations/M2/T32/PendingFirst-10          	     181	    655119 ns/op	  704419 B/op	      46 allocs/op
BenchmarkLedgerOperations/M2/T32/Reveal-10                	     295	    398705 ns/op	  390531 B/op	      31 allocs/op
BenchmarkLedgerOperations/M2/T32/Reveal-10                	     297	    400561 ns/op	  390083 B/op	      31 allocs/op
BenchmarkLedgerOperations/M2/T32/Issue-10                 	     819	    149470 ns/op	  632092 B/op	      41 allocs/op
BenchmarkLedgerOperations/M2/T32/Issue-10                 	     780	    150256 ns/op	  632866 B/op	      41 allocs/op
BenchmarkLedgerOperations/M2/T64/PendingSecond-10         	      93	   1269757 ns/op	  705954 B/op	      46 allocs/op
BenchmarkLedgerOperations/M2/T64/PendingSecond-10         	      94	   1256435 ns/op	  705953 B/op	      46 allocs/op
BenchmarkLedgerOperations/M2/T64/PendingFirst-10          	      96	   1264361 ns/op	  705953 B/op	      46 allocs/op
BenchmarkLedgerOperations/M2/T64/PendingFirst-10          	      96	   1272069 ns/op	  705953 B/op	      46 allocs/op
BenchmarkLedgerOperations/M2/T64/Reveal-10                	     153	    774825 ns/op	  500910 B/op	      33 allocs/op
BenchmarkLedgerOperations/M2/T64/Reveal-10                	     153	    778299 ns/op	  499514 B/op	      32 allocs/op
BenchmarkLedgerOperations/M2/T64/Issue-10                 	     549	    222781 ns/op	  684621 B/op	      42 allocs/op
BenchmarkLedgerOperations/M2/T64/Issue-10                 	     543	    220203 ns/op	  685405 B/op	      42 allocs/op
BenchmarkLedgerOperations/M150/T32/PendingSecond-10       	      40	   2900668 ns/op	  712002 B/op	      46 allocs/op
BenchmarkLedgerOperations/M150/T32/PendingSecond-10       	      42	   2910685 ns/op	  712000 B/op	      46 allocs/op
BenchmarkLedgerOperations/M150/T32/PendingFirst-10        	      40	   2933714 ns/op	  712000 B/op	      46 allocs/op
BenchmarkLedgerOperations/M150/T32/PendingFirst-10        	      40	   2917717 ns/op	  712000 B/op	      46 allocs/op
BenchmarkLedgerOperations/M150/T32/Reveal-10              	      76	   1540591 ns/op	  401135 B/op	      31 allocs/op
BenchmarkLedgerOperations/M150/T32/Reveal-10              	      79	   1543180 ns/op	  400682 B/op	      31 allocs/op
BenchmarkLedgerOperations/M150/T32/Issue-10               	      86	   1311811 ns/op	  642785 B/op	      41 allocs/op
BenchmarkLedgerOperations/M150/T32/Issue-10               	      90	   1289360 ns/op	  641904 B/op	      41 allocs/op
BenchmarkLedgerOperations/M150/T64/PendingSecond-10       	      33	   3548655 ns/op	  713539 B/op	      46 allocs/op
BenchmarkLedgerOperations/M150/T64/PendingSecond-10       	      33	   3552730 ns/op	  713539 B/op	      46 allocs/op
BenchmarkLedgerOperations/M150/T64/PendingFirst-10        	      33	   3534946 ns/op	  713539 B/op	      46 allocs/op
BenchmarkLedgerOperations/M150/T64/PendingFirst-10        	      33	   3537375 ns/op	  713536 B/op	      46 allocs/op
BenchmarkLedgerOperations/M150/T64/Reveal-10              	      63	   1926591 ns/op	  537975 B/op	      34 allocs/op
BenchmarkLedgerOperations/M150/T64/Reveal-10              	      62	   1927832 ns/op	  520326 B/op	      33 allocs/op
BenchmarkLedgerOperations/M150/T64/Issue-10               	      84	   1367710 ns/op	  710049 B/op	      42 allocs/op
BenchmarkLedgerOperations/M150/T64/Issue-10               	      88	   1357428 ns/op	  704484 B/op	      42 allocs/op
BenchmarkLedgerOperations/M200/T32/PendingSecond-10       	      32	   3665004 ns/op	  715072 B/op	      46 allocs/op
BenchmarkLedgerOperations/M200/T32/PendingSecond-10       	      32	   3701690 ns/op	  715072 B/op	      46 allocs/op
BenchmarkLedgerOperations/M200/T32/PendingFirst-10        	      32	   3722380 ns/op	  715079 B/op	      46 allocs/op
BenchmarkLedgerOperations/M200/T32/PendingFirst-10        	      31	   3737755 ns/op	  715072 B/op	      46 allocs/op
BenchmarkLedgerOperations/M200/T32/Reveal-10              	      62	   1921667 ns/op	  412422 B/op	      32 allocs/op
BenchmarkLedgerOperations/M200/T32/Reveal-10              	      63	   1937804 ns/op	  399762 B/op	      30 allocs/op
BenchmarkLedgerOperations/M200/T32/Issue-10               	      69	   1679272 ns/op	  648690 B/op	      42 allocs/op
BenchmarkLedgerOperations/M200/T32/Issue-10               	      70	   1683063 ns/op	  646125 B/op	      41 allocs/op
BenchmarkLedgerOperations/M200/T64/PendingSecond-10       	      27	   4308480 ns/op	  716608 B/op	      46 allocs/op
BenchmarkLedgerOperations/M200/T64/PendingSecond-10       	      27	   4295028 ns/op	  716608 B/op	      46 allocs/op
BenchmarkLedgerOperations/M200/T64/PendingFirst-10        	      27	   4335503 ns/op	  716612 B/op	      46 allocs/op
BenchmarkLedgerOperations/M200/T64/PendingFirst-10        	      26	   4307590 ns/op	  716608 B/op	      46 allocs/op
BenchmarkLedgerOperations/M200/T64/Reveal-10              	      52	   2329150 ns/op	  527574 B/op	      33 allocs/op
BenchmarkLedgerOperations/M200/T64/Reveal-10              	      51	   2308293 ns/op	  528333 B/op	      33 allocs/op
BenchmarkLedgerOperations/M200/T64/Issue-10               	      67	   1755025 ns/op	  702705 B/op	      42 allocs/op
BenchmarkLedgerOperations/M200/T64/Issue-10               	      68	   1755101 ns/op	  714677 B/op	      43 allocs/op
BenchmarkConstructor/M150-10                              	     586	    202441 ns/op	  188074 B/op	      18 allocs/op
BenchmarkConstructor/M150-10                              	     589	    202458 ns/op	  188081 B/op	      18 allocs/op
BenchmarkConstructor/M200-10                              	     448	    269379 ns/op	  189425 B/op	      18 allocs/op
BenchmarkConstructor/M200-10                              	     447	    268260 ns/op	  189409 B/op	      18 allocs/op
BenchmarkFullFrontierOldFirst/M150/T2400-10               	       3	  49410083 ns/op	  841536 B/op	      46 allocs/op
BenchmarkFullFrontierOldFirst/M150/T2400-10               	       3	  49594917 ns/op	  841536 B/op	      46 allocs/op
BenchmarkFullFrontierOldFirst/M200/T3200-10               	       2	  65985146 ns/op	  877376 B/op	      46 allocs/op
BenchmarkFullFrontierOldFirst/M200/T3200-10               	       2	  66401104 ns/op	  877376 B/op	      46 allocs/op
BenchmarkFullFrontier/M150/T2400/PendingFirst-10          	      40	   2951810 ns/op	  841538 B/op	      46 allocs/op
BenchmarkFullFrontier/M150/T2400/PendingFirst-10          	      40	   2936930 ns/op	  841538 B/op	      46 allocs/op
BenchmarkFullFrontier/M150/T2400/RevealFirst-10           	      15	   7152856 ns/op	 3531024 B/op	      32 allocs/op
BenchmarkFullFrontier/M150/T2400/RevealFirst-10           	      15	   7137372 ns/op	 4420605 B/op	      35 allocs/op
BenchmarkFullFrontier/M150/T2400/Issue-10                 	      15	   6882044 ns/op	 3828081 B/op	      40 allocs/op
BenchmarkFullFrontier/M150/T2400/Issue-10                 	      15	   6791464 ns/op	 3827986 B/op	      40 allocs/op
BenchmarkFullFrontier/M200/T3200/PendingFirst-10          	      27	   4341454 ns/op	  877380 B/op	      46 allocs/op
BenchmarkFullFrontier/M200/T3200/PendingFirst-10          	      27	   4354202 ns/op	  877376 B/op	      46 allocs/op
BenchmarkFullFrontier/M200/T3200/RevealFirst-10           	      12	   9671260 ns/op	 4877472 B/op	      34 allocs/op
BenchmarkFullFrontier/M200/T3200/RevealFirst-10           	      12	   9617844 ns/op	 4877472 B/op	      34 allocs/op
BenchmarkFullFrontier/M200/T3200/Issue-10                 	      12	   9105365 ns/op	 5125266 B/op	      41 allocs/op
BenchmarkFullFrontier/M200/T3200/Issue-10                 	      12	   9027444 ns/op	 3725878 B/op	      37 allocs/op
PASS
ok  	github.com/JuanHuaXu/eventframed/internal/researchregimelog	11.655s
goos: darwin
goarch: arm64
pkg: github.com/JuanHuaXu/eventframed/internal/researchregimelogsummary
cpu: Apple M4
BenchmarkLedgerOperations/M2/T32/PendingSecond-10         	     160	    640492 ns/op	  369408 B/op	      28 allocs/op
BenchmarkLedgerOperations/M2/T32/PendingSecond-10         	     190	    624157 ns/op	  369410 B/op	      28 allocs/op
BenchmarkLedgerOperations/M2/T32/PendingFirst-10          	     190	    627108 ns/op	  369408 B/op	      28 allocs/op
BenchmarkLedgerOperations/M2/T32/PendingFirst-10          	     190	    626024 ns/op	  369410 B/op	      28 allocs/op
BenchmarkLedgerOperations/M2/T32/Reveal-10                	     312	    385199 ns/op	  217671 B/op	      20 allocs/op
BenchmarkLedgerOperations/M2/T32/Reveal-10                	     314	    380274 ns/op	  219458 B/op	      21 allocs/op
BenchmarkLedgerOperations/M2/T32/Issue-10                 	     970	    126101 ns/op	  457939 B/op	      31 allocs/op
BenchmarkLedgerOperations/M2/T32/Issue-10                 	     972	    125491 ns/op	  459557 B/op	      31 allocs/op
BenchmarkLedgerOperations/M2/T64/PendingSecond-10         	     100	   1229419 ns/op	  370945 B/op	      28 allocs/op
BenchmarkLedgerOperations/M2/T64/PendingSecond-10         	     100	   1235532 ns/op	  370945 B/op	      28 allocs/op
BenchmarkLedgerOperations/M2/T64/PendingFirst-10          	      96	   1241976 ns/op	  370945 B/op	      28 allocs/op
BenchmarkLedgerOperations/M2/T64/PendingFirst-10          	      96	   1238612 ns/op	  370945 B/op	      28 allocs/op
BenchmarkLedgerOperations/M2/T64/Reveal-10                	     157	    767567 ns/op	  317841 B/op	      22 allocs/op
BenchmarkLedgerOperations/M2/T64/Reveal-10                	     156	    763158 ns/op	  323332 B/op	      22 allocs/op
BenchmarkLedgerOperations/M2/T64/Issue-10                 	     607	    196501 ns/op	  504455 B/op	      32 allocs/op
BenchmarkLedgerOperations/M2/T64/Issue-10                 	     597	    199372 ns/op	  503078 B/op	      31 allocs/op
BenchmarkLedgerOperations/M150/T32/PendingSecond-10       	     100	   1120509 ns/op	  376993 B/op	      28 allocs/op
BenchmarkLedgerOperations/M150/T32/PendingSecond-10       	     100	   1129089 ns/op	  376992 B/op	      28 allocs/op
BenchmarkLedgerOperations/M150/T32/PendingFirst-10        	     100	   1129684 ns/op	  376994 B/op	      28 allocs/op
BenchmarkLedgerOperations/M150/T32/PendingFirst-10        	     100	   1122820 ns/op	  376992 B/op	      28 allocs/op
BenchmarkLedgerOperations/M150/T32/Reveal-10              	     186	    635326 ns/op	  231320 B/op	      21 allocs/op
BenchmarkLedgerOperations/M150/T32/Reveal-10              	     187	    633162 ns/op	  230438 B/op	      21 allocs/op
BenchmarkLedgerOperations/M150/T32/Issue-10               	     310	    385563 ns/op	  474376 B/op	      32 allocs/op
BenchmarkLedgerOperations/M150/T32/Issue-10               	     310	    385672 ns/op	  473881 B/op	      32 allocs/op
BenchmarkLedgerOperations/M150/T64/PendingSecond-10       	      69	   1759345 ns/op	  378529 B/op	      28 allocs/op
BenchmarkLedgerOperations/M150/T64/PendingSecond-10       	      69	   1768348 ns/op	  378528 B/op	      28 allocs/op
BenchmarkLedgerOperations/M150/T64/PendingFirst-10        	      67	   1751955 ns/op	  378528 B/op	      28 allocs/op
BenchmarkLedgerOperations/M150/T64/PendingFirst-10        	      69	   1746629 ns/op	  378528 B/op	      28 allocs/op
BenchmarkLedgerOperations/M150/T64/Reveal-10              	     100	   1016585 ns/op	  343336 B/op	      23 allocs/op
BenchmarkLedgerOperations/M150/T64/Reveal-10              	     100	   1034419 ns/op	  349052 B/op	      23 allocs/op
BenchmarkLedgerOperations/M150/T64/Issue-10               	     262	    455857 ns/op	  526320 B/op	      32 allocs/op
BenchmarkLedgerOperations/M150/T64/Issue-10               	     260	    458000 ns/op	  529893 B/op	      32 allocs/op
BenchmarkLedgerOperations/M200/T32/PendingSecond-10       	      94	   1306758 ns/op	  380065 B/op	      28 allocs/op
BenchmarkLedgerOperations/M200/T32/PendingSecond-10       	      94	   1298985 ns/op	  380064 B/op	      28 allocs/op
BenchmarkLedgerOperations/M200/T32/PendingFirst-10        	      94	   1305445 ns/op	  380065 B/op	      28 allocs/op
BenchmarkLedgerOperations/M200/T32/PendingFirst-10        	      96	   1299865 ns/op	  380064 B/op	      28 allocs/op
BenchmarkLedgerOperations/M200/T32/Reveal-10              	     163	    725085 ns/op	  234707 B/op	      22 allocs/op
BenchmarkLedgerOperations/M200/T32/Reveal-10              	     164	    726338 ns/op	  233688 B/op	      21 allocs/op
BenchmarkLedgerOperations/M200/T32/Issue-10               	     248	    482002 ns/op	  473899 B/op	      31 allocs/op
BenchmarkLedgerOperations/M200/T32/Issue-10               	     249	    477538 ns/op	  473832 B/op	      31 allocs/op
BenchmarkLedgerOperations/M200/T64/PendingSecond-10       	      64	   1943378 ns/op	  381601 B/op	      28 allocs/op
BenchmarkLedgerOperations/M200/T64/PendingSecond-10       	      64	   1928988 ns/op	  381601 B/op	      28 allocs/op
BenchmarkLedgerOperations/M200/T64/PendingFirst-10        	      63	   1929099 ns/op	  381601 B/op	      28 allocs/op
BenchmarkLedgerOperations/M200/T64/PendingFirst-10        	      64	   1936611 ns/op	  381600 B/op	      28 allocs/op
BenchmarkLedgerOperations/M200/T64/Reveal-10              	     100	   1108682 ns/op	  350075 B/op	      23 allocs/op
BenchmarkLedgerOperations/M200/T64/Reveal-10              	     100	   1105848 ns/op	  350075 B/op	      23 allocs/op
BenchmarkLedgerOperations/M200/T64/Issue-10               	     217	    556323 ns/op	  529321 B/op	      32 allocs/op
BenchmarkLedgerOperations/M200/T64/Issue-10               	     217	    549215 ns/op	  525364 B/op	      32 allocs/op
BenchmarkConstructor/M150-10                              	    4804	     23796 ns/op	   20403 B/op	       9 allocs/op
BenchmarkConstructor/M150-10                              	    5300	     23523 ns/op	   20404 B/op	       9 allocs/op
BenchmarkConstructor/M200-10                              	    4022	     30882 ns/op	   21693 B/op	       9 allocs/op
BenchmarkConstructor/M200-10                              	    4016	     30843 ns/op	   21690 B/op	       9 allocs/op
BenchmarkFullFrontierOldFirst/M150/T2400-10               	       3	  47536319 ns/op	  506528 B/op	      28 allocs/op
BenchmarkFullFrontierOldFirst/M150/T2400-10               	       3	  47887361 ns/op	  506528 B/op	      28 allocs/op
BenchmarkFullFrontierOldFirst/M200/T3200-10               	       2	  63022938 ns/op	  542368 B/op	      28 allocs/op
BenchmarkFullFrontierOldFirst/M200/T3200-10               	       2	  63474958 ns/op	  542368 B/op	      28 allocs/op
BenchmarkFullFrontier/M150/T2400/PendingFirst-10          	     100	   1136755 ns/op	  506530 B/op	      28 allocs/op
BenchmarkFullFrontier/M150/T2400/PendingFirst-10          	     100	   1130617 ns/op	  506531 B/op	      28 allocs/op
BenchmarkFullFrontier/M150/T2400/RevealFirst-10           	      18	   6077488 ns/op	 3215216 B/op	      23 allocs/op
BenchmarkFullFrontier/M150/T2400/RevealFirst-10           	      18	   6123264 ns/op	 3215216 B/op	      23 allocs/op
BenchmarkFullFrontier/M150/T2400/Issue-10                 	      19	   5887213 ns/op	 4175537 B/op	      33 allocs/op
BenchmarkFullFrontier/M150/T2400/Issue-10                 	      18	   5804523 ns/op	 3512202 B/op	      31 allocs/op
BenchmarkFullFrontier/M200/T3200/PendingFirst-10          	      64	   1947627 ns/op	  542368 B/op	      28 allocs/op
BenchmarkFullFrontier/M200/T3200/PendingFirst-10          	      64	   1944212 ns/op	  542368 B/op	      28 allocs/op
BenchmarkFullFrontier/M200/T3200/RevealFirst-10           	      14	   8372467 ns/op	 4510055 B/op	      24 allocs/op
BenchmarkFullFrontier/M200/T3200/RevealFirst-10           	      13	   8475051 ns/op	 4602268 B/op	      25 allocs/op
BenchmarkFullFrontier/M200/T3200/Issue-10                 	      13	   7803766 ns/op	 4850180 B/op	      32 allocs/op
BenchmarkFullFrontier/M200/T3200/Issue-10                 	      13	   7750651 ns/op	 4850188 B/op	      32 allocs/op
PASS
ok  	github.com/JuanHuaXu/eventframed/internal/researchregimelogsummary	11.626s
