goos: darwin
goarch: arm64
pkg: github.com/JuanHuaXu/eventframed/internal/researchregimeincremental
cpu: Apple M4
BenchmarkLedgerOperations/M2/T32/PendingSecond-10         	     290	    407368 ns/op	  369409 B/op	      28 allocs/op
BenchmarkLedgerOperations/M2/T32/PendingSecond-10         	     295	    408282 ns/op	  369410 B/op	      28 allocs/op
BenchmarkLedgerOperations/M2/T32/PendingFirst-10          	     292	    416842 ns/op	  369409 B/op	      28 allocs/op
BenchmarkLedgerOperations/M2/T32/PendingFirst-10          	     294	    413950 ns/op	  369409 B/op	      28 allocs/op
BenchmarkLedgerOperations/M2/T32/Reveal-10                	     435	    274719 ns/op	  217386 B/op	      20 allocs/op
BenchmarkLedgerOperations/M2/T32/Reveal-10                	     436	    273288 ns/op	  218683 B/op	      21 allocs/op
BenchmarkLedgerOperations/M2/T32/Issue-10                 	    1153	    103515 ns/op	  316491 B/op	      28 allocs/op
BenchmarkLedgerOperations/M2/T32/Issue-10                 	    1155	    104530 ns/op	  318355 B/op	      28 allocs/op
BenchmarkLedgerOperations/M2/T64/PendingSecondAbstention-10         	     296	    403854 ns/op	  185457 B/op	      13 allocs/op
BenchmarkLedgerOperations/M2/T64/PendingSecondAbstention-10         	     295	    409757 ns/op	  185456 B/op	      13 allocs/op
BenchmarkLedgerOperations/M2/T64/PendingFirst-10                    	     147	    812660 ns/op	  370944 B/op	      28 allocs/op
BenchmarkLedgerOperations/M2/T64/PendingFirst-10                    	     146	    821913 ns/op	  370947 B/op	      28 allocs/op
BenchmarkLedgerOperations/M2/T64/Reveal-10                          	     216	    551724 ns/op	  319456 B/op	      22 allocs/op
BenchmarkLedgerOperations/M2/T64/Reveal-10                          	     219	    549758 ns/op	  318352 B/op	      22 allocs/op
BenchmarkLedgerOperations/M2/T64/Issue-10                           	     699	    173370 ns/op	  360410 B/op	      29 allocs/op
BenchmarkLedgerOperations/M2/T64/Issue-10                           	     687	    172480 ns/op	  357960 B/op	      29 allocs/op
BenchmarkLedgerOperations/M150/T32/PendingSecond-10                 	     146	    819545 ns/op	  376993 B/op	      28 allocs/op
BenchmarkLedgerOperations/M150/T32/PendingSecond-10                 	     145	    816781 ns/op	  376993 B/op	      28 allocs/op
BenchmarkLedgerOperations/M150/T32/PendingFirst-10                  	     146	    811313 ns/op	  376994 B/op	      28 allocs/op
BenchmarkLedgerOperations/M150/T32/PendingFirst-10                  	     147	    816970 ns/op	  376992 B/op	      28 allocs/op
BenchmarkLedgerOperations/M150/T32/Reveal-10                        	     247	    483409 ns/op	  230014 B/op	      21 allocs/op
BenchmarkLedgerOperations/M150/T32/Reveal-10                        	     248	    486981 ns/op	  229354 B/op	      21 allocs/op
BenchmarkLedgerOperations/M150/T32/Issue-10                         	     387	    308307 ns/op	  326407 B/op	      28 allocs/op
BenchmarkLedgerOperations/M150/T32/Issue-10                         	     390	    309998 ns/op	  324737 B/op	      28 allocs/op
BenchmarkLedgerOperations/M150/T64/PendingSecondAbstention-10       	     262	    457688 ns/op	  186720 B/op	      13 allocs/op
BenchmarkLedgerOperations/M150/T64/PendingSecondAbstention-10       	     261	    455130 ns/op	  186720 B/op	      13 allocs/op
BenchmarkLedgerOperations/M150/T64/PendingFirst-10                  	      96	   1215635 ns/op	  378530 B/op	      28 allocs/op
BenchmarkLedgerOperations/M150/T64/PendingFirst-10                  	      96	   1218007 ns/op	  378528 B/op	      28 allocs/op
BenchmarkLedgerOperations/M150/T64/Reveal-10                        	     154	    763328 ns/op	  332836 B/op	      23 allocs/op
BenchmarkLedgerOperations/M150/T64/Reveal-10                        	     158	    757798 ns/op	  329626 B/op	      23 allocs/op
BenchmarkLedgerOperations/M150/T64/Issue-10                         	     316	    379373 ns/op	  379149 B/op	      29 allocs/op
BenchmarkLedgerOperations/M150/T64/Issue-10                         	     316	    380788 ns/op	  382774 B/op	      29 allocs/op
BenchmarkLedgerOperations/M200/T32/PendingSecond-10                 	     124	    955934 ns/op	  380066 B/op	      28 allocs/op
BenchmarkLedgerOperations/M200/T32/PendingSecond-10                 	     123	    984968 ns/op	  380064 B/op	      28 allocs/op
BenchmarkLedgerOperations/M200/T32/PendingFirst-10                  	     124	    958601 ns/op	  380065 B/op	      28 allocs/op
BenchmarkLedgerOperations/M200/T32/PendingFirst-10                  	     124	    954266 ns/op	  380067 B/op	      28 allocs/op
BenchmarkLedgerOperations/M200/T32/Reveal-10                        	     216	    550259 ns/op	  229427 B/op	      21 allocs/op
BenchmarkLedgerOperations/M200/T32/Reveal-10                        	     216	    555678 ns/op	  232299 B/op	      21 allocs/op
BenchmarkLedgerOperations/M200/T32/Issue-10                         	     314	    380788 ns/op	  330344 B/op	      29 allocs/op
BenchmarkLedgerOperations/M200/T32/Issue-10                         	     315	    379594 ns/op	  331284 B/op	      29 allocs/op
BenchmarkLedgerOperations/M200/T64/PendingSecondAbstention-10       	     253	    474203 ns/op	  187232 B/op	      13 allocs/op
BenchmarkLedgerOperations/M200/T64/PendingSecondAbstention-10       	     250	    473778 ns/op	  187232 B/op	      13 allocs/op
BenchmarkLedgerOperations/M200/T64/PendingFirst-10                  	      91	   1359010 ns/op	  381600 B/op	      28 allocs/op
BenchmarkLedgerOperations/M200/T64/PendingFirst-10                  	      87	   1359539 ns/op	  381600 B/op	      28 allocs/op
BenchmarkLedgerOperations/M200/T64/Reveal-10                        	     144	    832818 ns/op	  351178 B/op	      23 allocs/op
BenchmarkLedgerOperations/M200/T64/Reveal-10                        	     141	    834230 ns/op	  347751 B/op	      23 allocs/op
BenchmarkLedgerOperations/M200/T64/Issue-10                         	     265	    449148 ns/op	  372445 B/op	      28 allocs/op
BenchmarkLedgerOperations/M200/T64/Issue-10                         	     266	    452530 ns/op	  384207 B/op	      30 allocs/op
BenchmarkConstructor/M150-10                                        	    2270	     53191 ns/op	   20367 B/op	       9 allocs/op
BenchmarkConstructor/M150-10                                        	    2301	     53340 ns/op	   20368 B/op	       9 allocs/op
BenchmarkConstructor/M200-10                                        	    1717	     70659 ns/op	   21655 B/op	       9 allocs/op
BenchmarkConstructor/M200-10                                        	    1754	     71143 ns/op	   21661 B/op	       9 allocs/op
BenchmarkFullFrontierOldFirst/M150/T2400-10                         	       4	  31071417 ns/op	  506528 B/op	      28 allocs/op
BenchmarkFullFrontierOldFirst/M150/T2400-10                         	       4	  31411573 ns/op	  506528 B/op	      28 allocs/op
BenchmarkFullFrontierOldFirst/M200/T3200-10                         	       3	  41522278 ns/op	  542368 B/op	      28 allocs/op
BenchmarkFullFrontierOldFirst/M200/T3200-10                         	       3	  42024292 ns/op	  542368 B/op	      28 allocs/op
BenchmarkFullFrontier/M150/T2400/PendingFirst-10                    	     141	    839836 ns/op	  506530 B/op	      28 allocs/op
BenchmarkFullFrontier/M150/T2400/PendingFirst-10                    	     141	    832899 ns/op	  506530 B/op	      28 allocs/op
BenchmarkFullFrontier/M150/T2400/RevealFirst-10                     	      18	   5868681 ns/op	 3215120 B/op	      23 allocs/op
BenchmarkFullFrontier/M150/T2400/RevealFirst-10                     	      18	   5921931 ns/op	 3215120 B/op	      23 allocs/op
BenchmarkFullFrontier/M150/T2400/Issue-10                           	      18	   5678535 ns/op	 3372952 B/op	      29 allocs/op
BenchmarkFullFrontier/M150/T2400/Issue-10                           	      19	   5688838 ns/op	 3333902 B/op	      28 allocs/op
BenchmarkFullFrontier/M200/T3200/PendingFirst-10                    	      91	   1394134 ns/op	  542369 B/op	      28 allocs/op
BenchmarkFullFrontier/M200/T3200/PendingFirst-10                    	      86	   1388679 ns/op	  542368 B/op	      28 allocs/op
BenchmarkFullFrontier/M200/T3200/RevealFirst-10                     	      14	   7957051 ns/op	 4509959 B/op	      24 allocs/op
BenchmarkFullFrontier/M200/T3200/RevealFirst-10                     	      13	   8020564 ns/op	 4602172 B/op	      25 allocs/op
BenchmarkFullFrontier/M200/T3200/Issue-10                           	      14	   7626542 ns/op	 4618639 B/op	      29 allocs/op
BenchmarkFullFrontier/M200/T3200/Issue-10                           	      14	   7661726 ns/op	 5818224 B/op	      33 allocs/op
PASS
ok  	github.com/JuanHuaXu/eventframed/internal/researchregimeincremental	12.694s
goos: darwin
goarch: arm64
pkg: github.com/JuanHuaXu/eventframed/internal/researchregimeprotected
cpu: Apple M4
BenchmarkLedgerOperations/M2/T32/PendingSecond-10         	     290	    410523 ns/op	  369409 B/op	      28 allocs/op
BenchmarkLedgerOperations/M2/T32/PendingSecond-10         	     292	    410004 ns/op	  369409 B/op	      28 allocs/op
BenchmarkLedgerOperations/M2/T32/PendingFirst-10          	     291	    408618 ns/op	  369409 B/op	      28 allocs/op
BenchmarkLedgerOperations/M2/T32/PendingFirst-10          	     290	    411899 ns/op	  369408 B/op	      28 allocs/op
BenchmarkLedgerOperations/M2/T32/Reveal-10                	     433	    276610 ns/op	  217930 B/op	      21 allocs/op
BenchmarkLedgerOperations/M2/T32/Reveal-10                	     430	    278277 ns/op	  219287 B/op	      21 allocs/op
BenchmarkLedgerOperations/M2/T32/Issue-10                 	     985	    123580 ns/op	  458892 B/op	      31 allocs/op
BenchmarkLedgerOperations/M2/T32/Issue-10                 	     990	    122117 ns/op	  457568 B/op	      31 allocs/op
BenchmarkLedgerOperations/M2/T64/PendingSecond-10         	     145	    822069 ns/op	  370945 B/op	      28 allocs/op
BenchmarkLedgerOperations/M2/T64/PendingSecond-10         	     146	    823035 ns/op	  370944 B/op	      28 allocs/op
BenchmarkLedgerOperations/M2/T64/PendingFirst-10          	     146	    822799 ns/op	  370944 B/op	      28 allocs/op
BenchmarkLedgerOperations/M2/T64/PendingFirst-10          	     144	    822560 ns/op	  370947 B/op	      28 allocs/op
BenchmarkLedgerOperations/M2/T64/Reveal-10                	     216	    554126 ns/op	  319458 B/op	      22 allocs/op
BenchmarkLedgerOperations/M2/T64/Reveal-10                	     210	    564547 ns/op	  320751 B/op	      22 allocs/op
BenchmarkLedgerOperations/M2/T64/Issue-10                 	     616	    196106 ns/op	  502668 B/op	      31 allocs/op
BenchmarkLedgerOperations/M2/T64/Issue-10                 	     612	    197911 ns/op	  500389 B/op	      31 allocs/op
BenchmarkLedgerOperations/M150/T32/PendingSecond-10       	     146	    816371 ns/op	  376995 B/op	      28 allocs/op
BenchmarkLedgerOperations/M150/T32/PendingSecond-10       	     147	    820692 ns/op	  376992 B/op	      28 allocs/op
BenchmarkLedgerOperations/M150/T32/PendingFirst-10        	     146	    816370 ns/op	  376992 B/op	      28 allocs/op
BenchmarkLedgerOperations/M150/T32/PendingFirst-10        	     147	    817895 ns/op	  376992 B/op	      28 allocs/op
BenchmarkLedgerOperations/M150/T32/Reveal-10              	     246	    487662 ns/op	  228158 B/op	      21 allocs/op
BenchmarkLedgerOperations/M150/T32/Reveal-10              	     244	    489337 ns/op	  230757 B/op	      21 allocs/op
BenchmarkLedgerOperations/M150/T32/Issue-10               	     360	    329749 ns/op	  470816 B/op	      31 allocs/op
BenchmarkLedgerOperations/M150/T32/Issue-10               	     364	    329200 ns/op	  471923 B/op	      31 allocs/op
BenchmarkLedgerOperations/M150/T64/PendingSecond-10       	     100	   1222583 ns/op	  378529 B/op	      28 allocs/op
BenchmarkLedgerOperations/M150/T64/PendingSecond-10       	      97	   1224194 ns/op	  378528 B/op	      28 allocs/op
BenchmarkLedgerOperations/M150/T64/PendingFirst-10        	     100	   1222792 ns/op	  378530 B/op	      28 allocs/op
BenchmarkLedgerOperations/M150/T64/PendingFirst-10        	     100	   1216874 ns/op	  378528 B/op	      28 allocs/op
BenchmarkLedgerOperations/M150/T64/Reveal-10              	     156	    761594 ns/op	  347860 B/op	      23 allocs/op
BenchmarkLedgerOperations/M150/T64/Reveal-10              	     157	    764393 ns/op	  347684 B/op	      23 allocs/op
BenchmarkLedgerOperations/M150/T64/Issue-10               	     301	    398804 ns/op	  523638 B/op	      32 allocs/op
BenchmarkLedgerOperations/M150/T64/Issue-10               	     301	    400054 ns/op	  529334 B/op	      32 allocs/op
BenchmarkLedgerOperations/M200/T32/PendingSecond-10       	     126	    951141 ns/op	  380064 B/op	      28 allocs/op
BenchmarkLedgerOperations/M200/T32/PendingSecond-10       	     126	    959348 ns/op	  380064 B/op	      28 allocs/op
BenchmarkLedgerOperations/M200/T32/PendingFirst-10        	     126	    958800 ns/op	  380064 B/op	      28 allocs/op
BenchmarkLedgerOperations/M200/T32/PendingFirst-10        	     126	    955024 ns/op	  380064 B/op	      28 allocs/op
BenchmarkLedgerOperations/M200/T32/Reveal-10              	     213	    558706 ns/op	  229530 B/op	      21 allocs/op
BenchmarkLedgerOperations/M200/T32/Reveal-10              	     213	    556671 ns/op	  233168 B/op	      21 allocs/op
BenchmarkLedgerOperations/M200/T32/Issue-10               	     298	    400965 ns/op	  468307 B/op	      31 allocs/op
BenchmarkLedgerOperations/M200/T32/Issue-10               	     300	    397280 ns/op	  469257 B/op	      31 allocs/op
BenchmarkLedgerOperations/M200/T64/PendingSecond-10       	      90	   1362167 ns/op	  381600 B/op	      28 allocs/op
BenchmarkLedgerOperations/M200/T64/PendingSecond-10       	      90	   1360093 ns/op	  381601 B/op	      28 allocs/op
BenchmarkLedgerOperations/M200/T64/PendingFirst-10        	      91	   1353484 ns/op	  381600 B/op	      28 allocs/op
BenchmarkLedgerOperations/M200/T64/PendingFirst-10        	      85	   1377040 ns/op	  381600 B/op	      28 allocs/op
BenchmarkLedgerOperations/M200/T64/Reveal-10              	     144	    834172 ns/op	  347199 B/op	      23 allocs/op
BenchmarkLedgerOperations/M200/T64/Reveal-10              	     144	    827920 ns/op	  347199 B/op	      23 allocs/op
BenchmarkLedgerOperations/M200/T64/Issue-10               	     255	    473425 ns/op	  524885 B/op	      32 allocs/op
BenchmarkLedgerOperations/M200/T64/Issue-10               	     255	    468887 ns/op	  528246 B/op	      32 allocs/op
BenchmarkConstructor/M150-10                              	    2320	     52808 ns/op	   20367 B/op	       9 allocs/op
BenchmarkConstructor/M150-10                              	    2286	     52930 ns/op	   20371 B/op	       9 allocs/op
BenchmarkConstructor/M200-10                              	    1732	     70111 ns/op	   21653 B/op	       9 allocs/op
BenchmarkConstructor/M200-10                              	    1746	     70313 ns/op	   21655 B/op	       9 allocs/op
BenchmarkFullFrontierOldFirst/M150/T2400-10               	       4	  31165916 ns/op	  506528 B/op	      28 allocs/op
BenchmarkFullFrontierOldFirst/M150/T2400-10               	       4	  31009917 ns/op	  506528 B/op	      28 allocs/op
BenchmarkFullFrontierOldFirst/M200/T3200-10               	       3	  41593472 ns/op	  542368 B/op	      28 allocs/op
BenchmarkFullFrontierOldFirst/M200/T3200-10               	       3	  41730514 ns/op	  542368 B/op	      28 allocs/op
BenchmarkFullFrontier/M150/T2400/PendingFirst-10          	     142	    835675 ns/op	  506528 B/op	      28 allocs/op
BenchmarkFullFrontier/M150/T2400/PendingFirst-10          	     141	    836074 ns/op	  506529 B/op	      28 allocs/op
BenchmarkFullFrontier/M150/T2400/RevealFirst-10           	      18	   6068484 ns/op	 3956523 B/op	      25 allocs/op
BenchmarkFullFrontier/M150/T2400/RevealFirst-10           	      18	   6053958 ns/op	 3215120 B/op	      23 allocs/op
BenchmarkFullFrontier/M150/T2400/Issue-10                 	      19	   5855412 ns/op	 3473166 B/op	      30 allocs/op
BenchmarkFullFrontier/M150/T2400/Issue-10                 	      18	   5819398 ns/op	 3512138 B/op	      31 allocs/op
BenchmarkFullFrontier/M200/T3200/PendingFirst-10          	      92	   1393184 ns/op	  542369 B/op	      28 allocs/op
BenchmarkFullFrontier/M200/T3200/PendingFirst-10          	      87	   1402753 ns/op	  542368 B/op	      28 allocs/op
BenchmarkFullFrontier/M200/T3200/RevealFirst-10           	      13	   8204532 ns/op	 4602172 B/op	      25 allocs/op
BenchmarkFullFrontier/M200/T3200/RevealFirst-10           	      13	   8108058 ns/op	 4602172 B/op	      25 allocs/op
BenchmarkFullFrontier/M200/T3200/Issue-10                 	      14	   7819527 ns/op	 7156955 B/op	      37 allocs/op
BenchmarkFullFrontier/M200/T3200/Issue-10                 	      14	   7802253 ns/op	 4757903 B/op	      31 allocs/op
PASS
ok  	github.com/JuanHuaXu/eventframed/internal/researchregimeprotected	13.263s
