=== RUN   TestCacheBoundariesLateEvidenceAndRefresh
--- PASS: TestCacheBoundariesLateEvidenceAndRefresh (5.70s)
=== RUN   TestUncappedCachedPrefixAndAtomicHistoryLimit
--- PASS: TestUncappedCachedPrefixAndAtomicHistoryLimit (2.02s)
=== RUN   TestFullWorkloadReferenceAndResourceShape
    cache_test.go:188: M150 T2400 support payload 1381968 bytes, cached component payload 233856 bytes; excludes heap/scratch/headers/publication/RSS
    cache_test.go:188: M200 T3200 support payload 1842768 bytes, cached component payload 233856 bytes; excludes heap/scratch/headers/publication/RSS
--- PASS: TestFullWorkloadReferenceAndResourceShape (10.21s)
=== RUN   TestColdUnknownSetupMatchesIssuedPrefix
--- PASS: TestColdUnknownSetupMatchesIssuedPrefix (0.19s)
=== RUN   TestCanonicalIssueRevealAndRefresh
    ledger_test.go:297: 108 configurations, 2376 publications, 138699 checks, max oracle 1.4210854715202004e-14, tower 5.551115123125783e-15, receipt 1.2212453270876722e-15, explicit query abstentions 0
--- PASS: TestCanonicalIssueRevealAndRefresh (24.24s)
=== RUN   TestFull64DelayedAndFutureForks
--- PASS: TestFull64DelayedAndFutureForks (5.23s)
=== RUN   TestOwnershipBindingsAndFailedOperations
--- PASS: TestOwnershipBindingsAndFailedOperations (0.01s)
=== RUN   TestEmptySnapshotAndRefreshIdentity
--- PASS: TestEmptySnapshotAndRefreshIdentity (0.00s)
=== RUN   TestJointDimensionBindingAndRescuedLatestPair
--- PASS: TestJointDimensionBindingAndRescuedLatestPair (0.25s)
=== RUN   TestProtectedKeysAndRestartOnlyNegativeControl
--- PASS: TestProtectedKeysAndRestartOnlyNegativeControl (0.46s)
=== RUN   TestProtectedOldAndLatestContradictions
--- PASS: TestProtectedOldAndLatestContradictions (2.78s)
=== RUN   TestNoResetLongUnderflowNegativeControl
    protect_test.go:137: NEGATIVE: real pair probability is positive, logp=-1321.2095576498039; linear filtering rejects through underflow, not true impossible evidence
--- PASS: TestNoResetLongUnderflowNegativeControl (0.31s)
PASS
ok  	github.com/JuanHuaXu/eventframed/internal/researchregimeprotected	52.591s
