cfg={Reset:0.0625 Hazard:0.25 Cap:9} target=255 candidateEnvelope=1 oldEnvelope=1 coldLogEnvelope=1 maxForecastDefect=2.220446049250313e-16 logEvidenceDefect=1.8189894035458565e-12 candidateDiscard=300 oldDiscard=300
cfg={Reset:0.0625 Hazard:0.25 Cap:9} target=64 candidateEnvelope=1 oldEnvelope=1 coldLogEnvelope=1 maxForecastDefect=2.220446049250313e-16 logEvidenceDefect=1.8189894035458565e-12 candidateDiscard=300 oldDiscard=300
cfg={Reset:0.0625 Hazard:0.25 Cap:9} target=63 candidateEnvelope=1 oldEnvelope=1 coldLogEnvelope=1 maxForecastDefect=3.3306690738754696e-16 logEvidenceDefect=1.9326762412674725e-12 candidateDiscard=300.0025120248285 oldDiscard=300.0025120248285
cfg={Reset:0.0625 Hazard:0.25 Cap:9} target=128 candidateEnvelope=1 oldEnvelope=1 coldLogEnvelope=1 maxForecastDefect=2.220446049250313e-16 logEvidenceDefect=1.9326762412674725e-12 candidateDiscard=300.0025120248285 oldDiscard=300.0025120248285
cfg={Reset:0.0625 Hazard:0.25 Cap:9} target=319 candidateEnvelope=1 oldEnvelope=1 coldLogEnvelope=1 maxForecastDefect=1.1102230246251565e-16 logEvidenceDefect=1.9326762412674725e-12 candidateDiscard=300.0025120248285 oldDiscard=300.0025120248285
cfg={Reset:0.0625 Hazard:0.25 Cap:9} target=65 candidateEnvelope=1 oldEnvelope=1 coldLogEnvelope=1 maxForecastDefect=1.1102230246251565e-16 logEvidenceDefect=1.9326762412674725e-12 candidateDiscard=300.005024049657 oldDiscard=300.005024049657
cfg={Reset:0.0625 Hazard:0.25 Cap:9} target=0 candidateEnvelope=1 oldEnvelope=1 coldLogEnvelope=1 maxForecastDefect=1.1102230246251565e-16 logEvidenceDefect=1.9326762412674725e-12 candidateDiscard=300.005024049657 oldDiscard=300.005024049657
cfg={Reset:0.0625 Hazard:0.25 Cap:9} target=256 candidateEnvelope=1 oldEnvelope=1 coldLogEnvelope=1 maxForecastDefect=2.220446049250313e-16 logEvidenceDefect=1.9326762412674725e-12 candidateDiscard=300.0075360744855 oldDiscard=300.0075360744855
cfg={Reset:0.5 Hazard:0 Cap:18} target=255 candidateEnvelope=1 oldEnvelope=1 coldLogEnvelope=1 maxForecastDefect=2.220446049250313e-16 logEvidenceDefect=1.0658141036401503e-13 candidateDiscard=20.266382632463696 oldDiscard=20.266382632463714
cfg={Reset:0.5 Hazard:0 Cap:18} target=64 candidateEnvelope=1 oldEnvelope=1 coldLogEnvelope=1 maxForecastDefect=2.220446049250313e-16 logEvidenceDefect=7.460698725481052e-14 candidateDiscard=20.241288498578594 oldDiscard=20.24128849857863
cfg={Reset:0.5 Hazard:0 Cap:18} target=63 candidateEnvelope=1 oldEnvelope=1 coldLogEnvelope=1 maxForecastDefect=2.220446049250313e-16 logEvidenceDefect=7.105427357601002e-14 candidateDiscard=20.218005203129024 oldDiscard=20.218005203129056
cfg={Reset:0.5 Hazard:0 Cap:18} target=128 candidateEnvelope=1 oldEnvelope=1 coldLogEnvelope=1 maxForecastDefect=2.220446049250313e-16 logEvidenceDefect=4.263256414560601e-14 candidateDiscard=20.19291106924397 oldDiscard=20.19291106924401
cfg={Reset:0.5 Hazard:0 Cap:18} target=319 candidateEnvelope=1 oldEnvelope=1 coldLogEnvelope=1 maxForecastDefect=1.1102230246251565e-16 logEvidenceDefect=4.263256414560601e-14 candidateDiscard=20.181270219540576 oldDiscard=20.181270219540615
cfg={Reset:0.5 Hazard:0 Cap:18} target=65 candidateEnvelope=1 oldEnvelope=1 coldLogEnvelope=1 maxForecastDefect=1.1102230246251565e-16 logEvidenceDefect=2.842170943040401e-14 candidateDiscard=20.167442034302606 oldDiscard=20.167442034302645
cfg={Reset:0.5 Hazard:0 Cap:18} target=0 candidateEnvelope=1 oldEnvelope=1 coldLogEnvelope=1 maxForecastDefect=1.1102230246251565e-16 logEvidenceDefect=2.842170943040401e-14 candidateDiscard=20.143778568481643 oldDiscard=20.143778568481686
cfg={Reset:0.5 Hazard:0 Cap:18} target=256 candidateEnvelope=1 oldEnvelope=1 coldLogEnvelope=1 maxForecastDefect=1.1102230246251565e-16 logEvidenceDefect=1.7763568394002505e-14 candidateDiscard=20.128619105150033 oldDiscard=20.128619105150083
cfg={Reset:1 Hazard:0.25 Cap:36} target=255 candidateEnvelope=0 oldEnvelope=0 coldLogEnvelope=0 maxForecastDefect=0 logEvidenceDefect=1.0602629885170245e-13 candidateDiscard=0 oldDiscard=2.220446049250313e-16
cfg={Reset:1 Hazard:0.25 Cap:36} target=64 candidateEnvelope=0 oldEnvelope=0 coldLogEnvelope=0 maxForecastDefect=0 logEvidenceDefect=1.0547118733938987e-13 candidateDiscard=0 oldDiscard=2.220446049250313e-16
cfg={Reset:1 Hazard:0.25 Cap:36} target=63 candidateEnvelope=0 oldEnvelope=0 coldLogEnvelope=0 maxForecastDefect=0 logEvidenceDefect=1.0480505352461478e-13 candidateDiscard=0 oldDiscard=4.440892098500626e-16
cfg={Reset:1 Hazard:0.25 Cap:36} target=128 candidateEnvelope=0 oldEnvelope=0 coldLogEnvelope=0 maxForecastDefect=0 logEvidenceDefect=1.2523315717771766e-13 candidateDiscard=0 oldDiscard=4.440892098500626e-16
cfg={Reset:1 Hazard:0.25 Cap:36} target=319 candidateEnvelope=0 oldEnvelope=2.220446049250313e-16 coldLogEnvelope=0 maxForecastDefect=0 logEvidenceDefect=1.2456702336294256e-13 candidateDiscard=0 oldDiscard=6.661338147750939e-16
cfg={Reset:1 Hazard:0.25 Cap:36} target=65 candidateEnvelope=0 oldEnvelope=2.220446049250313e-16 coldLogEnvelope=0 maxForecastDefect=0 logEvidenceDefect=1.2367884494324244e-13 candidateDiscard=0 oldDiscard=8.881784197001252e-16
cfg={Reset:1 Hazard:0.25 Cap:36} target=0 candidateEnvelope=0 oldEnvelope=2.220446049250313e-16 coldLogEnvelope=0 maxForecastDefect=0 logEvidenceDefect=1.2967404927621828e-13 candidateDiscard=0 oldDiscard=8.881784197001252e-16
cfg={Reset:1 Hazard:0.25 Cap:36} target=256 candidateEnvelope=0 oldEnvelope=2.220446049250313e-16 coldLogEnvelope=0 maxForecastDefect=0 logEvidenceDefect=1.2922996006636822e-13 candidateDiscard=0 oldDiscard=8.881784197001252e-16
cfg={Reset:0 Hazard:1 Cap:9} target=255 candidateEnvelope=0 oldEnvelope=1 coldLogEnvelope=0 maxForecastDefect=1.1102230246251565e-16 logEvidenceDefect=6.8833827526759706e-15 candidateDiscard=0 oldDiscard=3.7969627442180354e-14
cfg={Reset:0 Hazard:1 Cap:9} target=64 candidateEnvelope=0 oldEnvelope=1 coldLogEnvelope=0 maxForecastDefect=1.1102230246251565e-16 logEvidenceDefect=7.105427357601002e-15 candidateDiscard=0 oldDiscard=1.6542323066914832e-14
cfg={Reset:0 Hazard:1 Cap:9} target=63 candidateEnvelope=0 oldEnvelope=1 coldLogEnvelope=0 maxForecastDefect=1.1102230246251565e-16 logEvidenceDefect=2.220446049250313e-16 candidateDiscard=0 oldDiscard=2.398081733190338e-14
cfg={Reset:0 Hazard:1 Cap:9} target=128 candidateEnvelope=0 oldEnvelope=1 coldLogEnvelope=0 maxForecastDefect=1.1102230246251565e-16 logEvidenceDefect=6.661338147750939e-16 candidateDiscard=0 oldDiscard=9.547918011776346e-15
cfg={Reset:0 Hazard:1 Cap:9} target=319 candidateEnvelope=0 oldEnvelope=1 coldLogEnvelope=0 maxForecastDefect=2.220446049250313e-16 logEvidenceDefect=8.881784197001252e-16 candidateDiscard=0 oldDiscard=9.547918011776346e-15
cfg={Reset:0 Hazard:1 Cap:9} target=65 candidateEnvelope=1.6653345369377346e-16 oldEnvelope=1 coldLogEnvelope=1.6653345369377346e-16 maxForecastDefect=2.220446049250313e-16 logEvidenceDefect=4.440892098500626e-16 candidateDiscard=1.6653345369377346e-16 oldDiscard=2.353672812205332e-14
cfg={Reset:0 Hazard:1 Cap:9} target=0 candidateEnvelope=0 oldEnvelope=1 coldLogEnvelope=0 maxForecastDefect=1.1102230246251565e-16 logEvidenceDefect=8.881784197001252e-16 candidateDiscard=0 oldDiscard=2.808864252301646e-14
cfg={Reset:0 Hazard:1 Cap:9} target=256 candidateEnvelope=1 oldEnvelope=1 coldLogEnvelope=1 maxForecastDefect=2.220446049250313e-16 logEvidenceDefect=8.881784197001252e-16 candidateDiscard=2.7755575615628914e-17 oldDiscard=2.8199664825478976e-14
cfg={Reset:0.0625 Hazard:0.25 Cap:0} target=0 candidateEnvelope=1 oldEnvelope=0.7626374928594608 coldLogEnvelope=1 maxForecastDefect=2.220446049250313e-16 logEvidenceDefect=8.493206138382448e-15 candidateDiscard=2.3869795029440858e-15 oldDiscard=8.881784197001252e-16
