goos: darwin
goarch: arm64
pkg: github.com/JuanHuaXu/eventframed/internal/researchregimeledger
cpu: Apple M4
BenchmarkLedgerOperations/M2/T32/PendingSecond-10         	      68	   1577966 ns/op	 9987426 B/op	     716 allocs/op
BenchmarkLedgerOperations/M2/T32/PendingSecond-10         	      70	   1630776 ns/op	 9987427 B/op	     716 allocs/op
BenchmarkLedgerOperations/M2/T32/PendingFirst-10          	      76	   1637510 ns/op	 9987443 B/op	     716 allocs/op
BenchmarkLedgerOperations/M2/T32/PendingFirst-10          	      72	   1698447 ns/op	 9987439 B/op	     716 allocs/op
BenchmarkLedgerOperations/M2/T32/Reveal-10                	     132	    917462 ns/op	 5116224 B/op	     383 allocs/op
BenchmarkLedgerOperations/M2/T32/Reveal-10                	     130	    917308 ns/op	 5117668 B/op	     383 allocs/op
BenchmarkLedgerOperations/M2/T32/Issue-10                 	     124	    968530 ns/op	 5389329 B/op	     433 allocs/op
BenchmarkLedgerOperations/M2/T32/Issue-10                 	     123	    967057 ns/op	 5404883 B/op	     436 allocs/op
BenchmarkLedgerOperations/M2/T64/PendingSecondAbstention-10         	      74	   1648641 ns/op	10097534 B/op	     709 allocs/op
BenchmarkLedgerOperations/M2/T64/PendingSecondAbstention-10         	      67	   1694366 ns/op	10097536 B/op	     709 allocs/op
BenchmarkLedgerOperations/M2/T64/PendingFirst-10                    	      34	   3321527 ns/op	20196264 B/op	    1422 allocs/op
BenchmarkLedgerOperations/M2/T64/PendingFirst-10                    	      36	   3449370 ns/op	20196232 B/op	    1422 allocs/op
BenchmarkLedgerOperations/M2/T64/Reveal-10                          	      64	   1844464 ns/op	10369677 B/op	     742 allocs/op
BenchmarkLedgerOperations/M2/T64/Reveal-10                          	      64	   1848531 ns/op	10363076 B/op	     741 allocs/op
BenchmarkLedgerOperations/M2/T64/Issue-10                           	      62	   1896260 ns/op	10662585 B/op	     825 allocs/op
BenchmarkLedgerOperations/M2/T64/Issue-10                           	      63	   1893019 ns/op	10666167 B/op	     825 allocs/op
BenchmarkLedgerOperations/M150/T32/PendingSecond-10                 	      54	   2245744 ns/op	 9992495 B/op	     716 allocs/op
BenchmarkLedgerOperations/M150/T32/PendingSecond-10                 	      54	   2242135 ns/op	 9992501 B/op	     716 allocs/op
BenchmarkLedgerOperations/M150/T32/PendingFirst-10                  	      52	   2228947 ns/op	 9992500 B/op	     716 allocs/op
BenchmarkLedgerOperations/M150/T32/PendingFirst-10                  	      54	   2238343 ns/op	 9992513 B/op	     716 allocs/op
BenchmarkLedgerOperations/M150/T32/Reveal-10                        	      91	   1211807 ns/op	 5165960 B/op	     385 allocs/op
BenchmarkLedgerOperations/M150/T32/Reveal-10                        	      92	   1207375 ns/op	 5167854 B/op	     385 allocs/op
BenchmarkLedgerOperations/M150/T32/Issue-10                         	      94	   1273196 ns/op	 5452039 B/op	     438 allocs/op
BenchmarkLedgerOperations/M150/T32/Issue-10                         	      96	   1255589 ns/op	 5450481 B/op	     438 allocs/op
BenchmarkLedgerOperations/M150/T64/PendingSecondAbstention-10       	      62	   1914123 ns/op	10097530 B/op	     709 allocs/op
BenchmarkLedgerOperations/M150/T64/PendingSecondAbstention-10       	      62	   1903263 ns/op	10097535 B/op	     709 allocs/op
BenchmarkLedgerOperations/M150/T64/PendingFirst-10                  	      28	   4125522 ns/op	20201300 B/op	    1422 allocs/op
BenchmarkLedgerOperations/M150/T64/PendingFirst-10                  	      28	   4156118 ns/op	20201348 B/op	    1423 allocs/op
BenchmarkLedgerOperations/M150/T64/Reveal-10                        	      52	   2234975 ns/op	10371068 B/op	     742 allocs/op
BenchmarkLedgerOperations/M150/T64/Reveal-10                        	      54	   2252241 ns/op	10371033 B/op	     742 allocs/op
BenchmarkLedgerOperations/M150/T64/Issue-10                         	      51	   2310999 ns/op	10749408 B/op	     827 allocs/op
BenchmarkLedgerOperations/M150/T64/Issue-10                         	      52	   2300047 ns/op	10749458 B/op	     827 allocs/op
BenchmarkLedgerOperations/M200/T32/PendingSecond-10                 	      49	   2400179 ns/op	 9994562 B/op	     716 allocs/op
BenchmarkLedgerOperations/M200/T32/PendingSecond-10                 	      49	   2415696 ns/op	 9994564 B/op	     716 allocs/op
BenchmarkLedgerOperations/M200/T32/PendingFirst-10                  	      49	   2408395 ns/op	 9994548 B/op	     716 allocs/op
BenchmarkLedgerOperations/M200/T32/PendingFirst-10                  	      48	   2404243 ns/op	 9994544 B/op	     716 allocs/op
BenchmarkLedgerOperations/M200/T32/Reveal-10                        	      87	   1306329 ns/op	 5162121 B/op	     385 allocs/op
BenchmarkLedgerOperations/M200/T32/Reveal-10                        	      85	   1296507 ns/op	 5157993 B/op	     384 allocs/op
BenchmarkLedgerOperations/M200/T32/Issue-10                         	      92	   1355604 ns/op	 5440695 B/op	     436 allocs/op
BenchmarkLedgerOperations/M200/T32/Issue-10                         	      84	   1349999 ns/op	 5442642 B/op	     437 allocs/op
BenchmarkLedgerOperations/M200/T64/PendingSecondAbstention-10       	      61	   1992777 ns/op	10097540 B/op	     709 allocs/op
BenchmarkLedgerOperations/M200/T64/PendingSecondAbstention-10       	      61	   1999775 ns/op	10097538 B/op	     709 allocs/op
BenchmarkLedgerOperations/M200/T64/PendingFirst-10                  	      26	   4370391 ns/op	20203353 B/op	    1422 allocs/op
BenchmarkLedgerOperations/M200/T64/PendingFirst-10                  	      27	   4379332 ns/op	20203342 B/op	    1422 allocs/op
BenchmarkLedgerOperations/M200/T64/Reveal-10                        	      50	   2387218 ns/op	10453504 B/op	     743 allocs/op
BenchmarkLedgerOperations/M200/T64/Reveal-10                        	      50	   2433142 ns/op	10401672 B/op	     738 allocs/op
BenchmarkLedgerOperations/M200/T64/Issue-10                         	      49	   2458378 ns/op	10749754 B/op	     826 allocs/op
BenchmarkLedgerOperations/M200/T64/Issue-10                         	      45	   2442355 ns/op	10743455 B/op	     826 allocs/op
BenchmarkConstructor/M150-10                                        	    2262	     53290 ns/op	   20351 B/op	       9 allocs/op
BenchmarkConstructor/M150-10                                        	    2307	     54341 ns/op	   20354 B/op	       9 allocs/op
BenchmarkConstructor/M200-10                                        	    1724	     70769 ns/op	   21641 B/op	       9 allocs/op
BenchmarkConstructor/M200-10                                        	    1735	     70737 ns/op	   21637 B/op	       9 allocs/op
BenchmarkFullFrontier/M150/T2400/PendingFirst-10                    	       1	 147575583 ns/op	765671776 B/op	   52863 allocs/op
BenchmarkFullFrontier/M150/T2400/PendingFirst-10                    	       1	 146612875 ns/op	765669312 B/op	   52841 allocs/op
BenchmarkFullFrontier/M150/T2400/RevealFirst-10                     	       2	  74979980 ns/op	398400744 B/op	   26470 allocs/op
BenchmarkFullFrontier/M150/T2400/RevealFirst-10                     	       2	  75006042 ns/op	398400968 B/op	   26472 allocs/op
BenchmarkFullFrontier/M150/T2400/Issue-10                           	       2	  72366271 ns/op	400182096 B/op	   28889 allocs/op
BenchmarkFullFrontier/M150/T2400/Issue-10                           	       2	  72611042 ns/op	400181536 B/op	   28884 allocs/op
BenchmarkFullFrontier/M200/T3200/PendingFirst-10                    	       1	 186130959 ns/op	1020795776 B/op	   70445 allocs/op
BenchmarkFullFrontier/M200/T3200/PendingFirst-10                    	       1	 187091625 ns/op	1020795888 B/op	   70446 allocs/op
BenchmarkFullFrontier/M200/T3200/RevealFirst-10                     	       1	 101277500 ns/op	530165064 B/op	   35265 allocs/op
BenchmarkFullFrontier/M200/T3200/RevealFirst-10                     	       1	 100949417 ns/op	530165624 B/op	   35270 allocs/op
BenchmarkFullFrontier/M200/T3200/Issue-10                           	       2	  98702521 ns/op	532448624 B/op	   38488 allocs/op
BenchmarkFullFrontier/M200/T3200/Issue-10                           	       2	  99804208 ns/op	532448288 B/op	   38485 allocs/op
PASS
ok  	github.com/JuanHuaXu/eventframed/internal/researchregimeledger	9.766s
goos: darwin
goarch: arm64
pkg: github.com/JuanHuaXu/eventframed/internal/researchregimeincremental
cpu: Apple M4
BenchmarkLedgerOperations/M2/T32/PendingSecond-10         	     288	    414073 ns/op	  369408 B/op	      28 allocs/op
BenchmarkLedgerOperations/M2/T32/PendingSecond-10         	     292	    411925 ns/op	  369408 B/op	      28 allocs/op
BenchmarkLedgerOperations/M2/T32/PendingFirst-10          	     294	    412194 ns/op	  369408 B/op	      28 allocs/op
BenchmarkLedgerOperations/M2/T32/PendingFirst-10          	     292	    411333 ns/op	  369428 B/op	      28 allocs/op
BenchmarkLedgerOperations/M2/T32/Reveal-10                	     433	    278647 ns/op	  218456 B/op	      21 allocs/op
BenchmarkLedgerOperations/M2/T32/Reveal-10                	     433	    276677 ns/op	  218718 B/op	      21 allocs/op
BenchmarkLedgerOperations/M2/T32/Issue-10                 	    1131	    104495 ns/op	  316631 B/op	      28 allocs/op
BenchmarkLedgerOperations/M2/T32/Issue-10                 	    1156	    103633 ns/op	  316275 B/op	      28 allocs/op
BenchmarkLedgerOperations/M2/T64/PendingSecondAbstention-10         	     291	    408930 ns/op	  185456 B/op	      13 allocs/op
BenchmarkLedgerOperations/M2/T64/PendingSecondAbstention-10         	     294	    409743 ns/op	  185456 B/op	      13 allocs/op
BenchmarkLedgerOperations/M2/T64/PendingFirst-10                    	     145	    824214 ns/op	  370945 B/op	      28 allocs/op
BenchmarkLedgerOperations/M2/T64/PendingFirst-10                    	     145	    823794 ns/op	  370947 B/op	      28 allocs/op
BenchmarkLedgerOperations/M2/T64/Reveal-10                          	     214	    559004 ns/op	  322530 B/op	      22 allocs/op
BenchmarkLedgerOperations/M2/T64/Reveal-10                          	     216	    556094 ns/op	  317494 B/op	      22 allocs/op
BenchmarkLedgerOperations/M2/T64/Issue-10                           	     682	    176130 ns/op	  357460 B/op	      29 allocs/op
BenchmarkLedgerOperations/M2/T64/Issue-10                           	     681	    174551 ns/op	  354678 B/op	      28 allocs/op
BenchmarkLedgerOperations/M150/T32/PendingSecond-10                 	     145	    822905 ns/op	  376994 B/op	      28 allocs/op
BenchmarkLedgerOperations/M150/T32/PendingSecond-10                 	     146	    832566 ns/op	  376992 B/op	      28 allocs/op
BenchmarkLedgerOperations/M150/T32/PendingFirst-10                  	     141	    891230 ns/op	  376992 B/op	      28 allocs/op
BenchmarkLedgerOperations/M150/T32/PendingFirst-10                  	     144	    823700 ns/op	  376992 B/op	      28 allocs/op
BenchmarkLedgerOperations/M150/T32/Reveal-10                        	     241	    490319 ns/op	  232802 B/op	      21 allocs/op
BenchmarkLedgerOperations/M150/T32/Reveal-10                        	     241	    489571 ns/op	  228945 B/op	      21 allocs/op
BenchmarkLedgerOperations/M150/T32/Issue-10                         	     379	    310323 ns/op	  328260 B/op	      29 allocs/op
BenchmarkLedgerOperations/M150/T32/Issue-10                         	     384	    313762 ns/op	  326889 B/op	      28 allocs/op
BenchmarkLedgerOperations/M150/T64/PendingSecondAbstention-10       	     261	    459239 ns/op	  186720 B/op	      13 allocs/op
BenchmarkLedgerOperations/M150/T64/PendingSecondAbstention-10       	     261	    460570 ns/op	  186720 B/op	      13 allocs/op
BenchmarkLedgerOperations/M150/T64/PendingFirst-10                  	      98	   1231892 ns/op	  378529 B/op	      28 allocs/op
BenchmarkLedgerOperations/M150/T64/PendingFirst-10                  	      94	   1242961 ns/op	  378528 B/op	      28 allocs/op
BenchmarkLedgerOperations/M150/T64/Reveal-10                        	     156	    768345 ns/op	  331211 B/op	      23 allocs/op
BenchmarkLedgerOperations/M150/T64/Reveal-10                        	     157	    769449 ns/op	  332439 B/op	      23 allocs/op
BenchmarkLedgerOperations/M150/T64/Issue-10                         	     312	    386687 ns/op	  377668 B/op	      29 allocs/op
BenchmarkLedgerOperations/M150/T64/Issue-10                         	     309	    384273 ns/op	  378839 B/op	      29 allocs/op
BenchmarkLedgerOperations/M200/T32/PendingSecond-10                 	     123	    957857 ns/op	  380064 B/op	      28 allocs/op
BenchmarkLedgerOperations/M200/T32/PendingSecond-10                 	     124	    960723 ns/op	  380064 B/op	      28 allocs/op
BenchmarkLedgerOperations/M200/T32/PendingFirst-10                  	     124	    963116 ns/op	  380066 B/op	      28 allocs/op
BenchmarkLedgerOperations/M200/T32/PendingFirst-10                  	     124	    957120 ns/op	  380064 B/op	      28 allocs/op
BenchmarkLedgerOperations/M200/T32/Reveal-10                        	     213	    561622 ns/op	  230256 B/op	      21 allocs/op
BenchmarkLedgerOperations/M200/T32/Reveal-10                        	     214	    560944 ns/op	  231664 B/op	      21 allocs/op
BenchmarkLedgerOperations/M200/T32/Issue-10                         	     306	    381902 ns/op	  330693 B/op	      29 allocs/op
BenchmarkLedgerOperations/M200/T32/Issue-10                         	     310	    385331 ns/op	  331517 B/op	      29 allocs/op
BenchmarkLedgerOperations/M200/T64/PendingSecondAbstention-10       	     250	    477911 ns/op	  187232 B/op	      13 allocs/op
BenchmarkLedgerOperations/M200/T64/PendingSecondAbstention-10       	     252	    477782 ns/op	  187232 B/op	      13 allocs/op
BenchmarkLedgerOperations/M200/T64/PendingFirst-10                  	      87	   1370692 ns/op	  381601 B/op	      28 allocs/op
BenchmarkLedgerOperations/M200/T64/PendingFirst-10                  	      87	   1366299 ns/op	  381601 B/op	      28 allocs/op
BenchmarkLedgerOperations/M200/T64/Reveal-10                        	     144	    833610 ns/op	  347199 B/op	      23 allocs/op
BenchmarkLedgerOperations/M200/T64/Reveal-10                        	     142	    835057 ns/op	  353613 B/op	      24 allocs/op
BenchmarkLedgerOperations/M200/T64/Issue-10                         	     259	    457755 ns/op	  382839 B/op	      29 allocs/op
BenchmarkLedgerOperations/M200/T64/Issue-10                         	     260	    461546 ns/op	  380523 B/op	      29 allocs/op
BenchmarkConstructor/M150-10                                        	    2227	     53479 ns/op	   20366 B/op	       9 allocs/op
BenchmarkConstructor/M150-10                                        	    2310	     53481 ns/op	   20371 B/op	       9 allocs/op
BenchmarkConstructor/M200-10                                        	    1725	     71273 ns/op	   21659 B/op	       9 allocs/op
BenchmarkConstructor/M200-10                                        	    1645	     71552 ns/op	   21665 B/op	       9 allocs/op
BenchmarkFullFrontierOldFirst/M150/T2400-10                         	       4	  31274260 ns/op	  506528 B/op	      28 allocs/op
BenchmarkFullFrontierOldFirst/M150/T2400-10                         	       4	  30969604 ns/op	  506528 B/op	      28 allocs/op
BenchmarkFullFrontierOldFirst/M200/T3200-10                         	       3	  41465472 ns/op	  542368 B/op	      28 allocs/op
BenchmarkFullFrontierOldFirst/M200/T3200-10                         	       3	  41182430 ns/op	  542368 B/op	      28 allocs/op
BenchmarkFullFrontier/M150/T2400/PendingFirst-10                    	     138	    848559 ns/op	  506533 B/op	      28 allocs/op
BenchmarkFullFrontier/M150/T2400/PendingFirst-10                    	     140	    853974 ns/op	  506532 B/op	      28 allocs/op
BenchmarkFullFrontier/M150/T2400/RevealFirst-10                     	      19	   6058842 ns/op	 3176076 B/op	      23 allocs/op
BenchmarkFullFrontier/M150/T2400/RevealFirst-10                     	      18	   5990109 ns/op	 3215120 B/op	      23 allocs/op
BenchmarkFullFrontier/M150/T2400/Issue-10                           	      18	   5861537 ns/op	 4114355 B/op	      31 allocs/op
BenchmarkFullFrontier/M150/T2400/Issue-10                           	      19	   5838496 ns/op	 3333902 B/op	      28 allocs/op
BenchmarkFullFrontier/M200/T3200/PendingFirst-10                    	      88	   1405206 ns/op	  542369 B/op	      28 allocs/op
BenchmarkFullFrontier/M200/T3200/PendingFirst-10                    	      90	   1395131 ns/op	  542368 B/op	      28 allocs/op
BenchmarkFullFrontier/M200/T3200/RevealFirst-10                     	      13	   8184567 ns/op	 3310320 B/op	      21 allocs/op
BenchmarkFullFrontier/M200/T3200/RevealFirst-10                     	      13	   8204577 ns/op	 4602172 B/op	      25 allocs/op
BenchmarkFullFrontier/M200/T3200/Issue-10                           	      14	   7797387 ns/op	 4618639 B/op	      29 allocs/op
BenchmarkFullFrontier/M200/T3200/Issue-10                           	      14	   7851417 ns/op	 4618639 B/op	      29 allocs/op
PASS
ok  	github.com/JuanHuaXu/eventframed/internal/researchregimeincremental	12.703s
