=== RUN   TestCacheBoundariesLateEvidenceAndRefresh
--- PASS: TestCacheBoundariesLateEvidenceAndRefresh (5.36s)
=== RUN   TestUncappedCachedPrefixAndAtomicHistoryLimit
--- PASS: TestUncappedCachedPrefixAndAtomicHistoryLimit (2.02s)
=== RUN   TestFullWorkloadReferenceAndResourceShape
    cache_test.go:188: M150 T2400 support payload 1381968 bytes, cached component payload 233856 bytes; excludes heap/scratch/headers/publication/RSS
    cache_test.go:188: M200 T3200 support payload 1842768 bytes, cached component payload 233856 bytes; excludes heap/scratch/headers/publication/RSS
--- PASS: TestFullWorkloadReferenceAndResourceShape (8.09s)
=== RUN   TestColdUnknownSetupMatchesIssuedPrefix
--- PASS: TestColdUnknownSetupMatchesIssuedPrefix (0.17s)
=== RUN   TestCanonicalIssueRevealAndRefresh
    ledger_test.go:294: 108 configurations, 2376 publications, 138699 checks, max oracle 1.2323475573339238e-14, tower 2.4424906541753444e-15, receipt 1.2212453270876722e-15, explicit query abstentions 0
--- PASS: TestCanonicalIssueRevealAndRefresh (24.22s)
=== RUN   TestFull64DelayedAndFutureForks
--- PASS: TestFull64DelayedAndFutureForks (5.18s)
=== RUN   TestOwnershipBindingsAndFailedOperations
--- PASS: TestOwnershipBindingsAndFailedOperations (0.00s)
=== RUN   TestEmptySnapshotAndRefreshIdentity
--- PASS: TestEmptySnapshotAndRefreshIdentity (0.00s)
=== RUN   TestJointDimensionBindingAndUnsupportedLatestPair
--- PASS: TestJointDimensionBindingAndUnsupportedLatestPair (0.19s)
PASS
ok  	github.com/JuanHuaXu/eventframed/internal/researchregimeincremental	46.449s
