=== RUN   TestCacheBoundariesLateEvidenceAndRefresh
--- PASS: TestCacheBoundariesLateEvidenceAndRefresh (0.81s)
=== RUN   TestUncappedCachedPrefixAndAtomicHistoryLimit
--- PASS: TestUncappedCachedPrefixAndAtomicHistoryLimit (0.45s)
=== RUN   TestFullWorkloadReferenceAndResourceShape
    cache_test.go:188: M150 T2400 support payload 1381968 bytes, cached component payload 233856 bytes; excludes heap/scratch/headers/publication/RSS
    cache_test.go:188: M200 T3200 support payload 1842768 bytes, cached component payload 233856 bytes; excludes heap/scratch/headers/publication/RSS
--- PASS: TestFullWorkloadReferenceAndResourceShape (1.62s)
=== RUN   TestColdUnknownSetupMatchesIssuedPrefix
--- PASS: TestColdUnknownSetupMatchesIssuedPrefix (0.03s)
=== RUN   TestCanonicalIssueRevealAndRefresh
    ledger_test.go:294: 108 configurations, 2376 publications, 138699 checks, max oracle 1.2434497875801753e-14, tower 2.4424906541753444e-15, receipt 1.3322676295501878e-15, explicit query abstentions 0
--- PASS: TestCanonicalIssueRevealAndRefresh (2.32s)
=== RUN   TestFull64DelayedAndFutureForks
--- PASS: TestFull64DelayedAndFutureForks (0.49s)
=== RUN   TestOwnershipBindingsAndFailedOperations
--- PASS: TestOwnershipBindingsAndFailedOperations (0.00s)
=== RUN   TestEmptySnapshotAndRefreshIdentity
--- PASS: TestEmptySnapshotAndRefreshIdentity (0.00s)
=== RUN   TestJointDimensionBindingAndUnsupportedLatestPair
--- PASS: TestJointDimensionBindingAndUnsupportedLatestPair (0.02s)
PASS
ok  	github.com/JuanHuaXu/eventframed/internal/researchregimeincremental	5.927s
