=== RUN   TestConstructorAllocation
    benchmark_test.go:102: members=150 constructor allocated=19136; does NOT reserve a full journal or measure replay/retained peak/RSS/serving
    benchmark_test.go:102: members=200 constructor allocated=20160; does NOT reserve a full journal or measure replay/retained peak/RSS/serving
--- PASS: TestConstructorAllocation (0.00s)
=== RUN   TestFrozenSupportPairConditioningAndTower
    conditional_test.go:130: 2244 frozen-support reference checks, max oracle 2.6645352591003757e-15, tower 8.881784197001252e-16
--- PASS: TestFrozenSupportPairConditioningAndTower (0.02s)
=== RUN   TestOriginalPosteriorPreservedButEvidenceAccountingChanges
--- PASS: TestOriginalPosteriorPreservedButEvidenceAccountingChanges (0.00s)
=== RUN   TestFrozenSupportBindingsFailClosed
--- PASS: TestFrozenSupportBindingsFailClosed (0.00s)
=== RUN   TestIndependentTransitionsAndLatentPaths
--- PASS: TestIndependentTransitionsAndLatentPaths (0.00s)
=== RUN   TestExactDelayedJointAndProjectionControl
    model_test.go:146: 48 configurations: max conditional-product TV defect 0.029877987911961317
--- PASS: TestExactDelayedJointAndProjectionControl (0.22s)
=== RUN   TestBeamErrorEnvelopeAndCaps
    model_test.go:189: 144 beam cases: max TV 0.317958587707261, vacuous envelopes 79
--- PASS: TestBeamErrorEnvelopeAndCaps (0.01s)
=== RUN   TestActualPairBranchesAndTower
    model_test.go:232: exact tower 1.3322676295501878e-15; capped tower/evidence-mass defect 0.05571796027194642 (not an exact scored-law certificate)
--- PASS: TestActualPairBranchesAndTower (0.00s)
=== RUN   TestJournalFuturePhasesAndAtomicFailures
--- PASS: TestJournalFuturePhasesAndAtomicFailures (0.00s)
=== RUN   TestFullJournalDelayedPairs
    model_test.go:315: 45040 counted exact scalar checks; max defect 1.2323475573339238e-14
--- PASS: TestFullJournalDelayedPairs (0.03s)
PASS
ok  	github.com/JuanHuaXu/eventframed/internal/researchregimefrozen	0.544s
