CASE 0 stationary noise0.0 delayedfalse complete
CASE 1 stationary noise0.0 delayedtrue complete
CASE 2 stationary noise0.1 delayedfalse complete
CASE 3 stationary noise0.1 delayedtrue complete
CASE 4 stationary noise0.2 delayedfalse complete
CASE 5 stationary noise0.2 delayedtrue complete
CASE 6 abrupt noise0.0 delayedfalse complete
CASE 7 abrupt noise0.0 delayedtrue complete
CASE 8 abrupt noise0.1 delayedfalse complete
CASE 9 abrupt noise0.1 delayedtrue complete
CASE 10 abrupt noise0.2 delayedfalse complete
CASE 11 abrupt noise0.2 delayedtrue complete
CASE 12 gradual noise0.0 delayedfalse complete
CASE 13 gradual noise0.0 delayedtrue complete
CASE 14 gradual noise0.1 delayedfalse complete
CASE 15 gradual noise0.1 delayedtrue complete
CASE 16 gradual noise0.2 delayedfalse complete
CASE 17 gradual noise0.2 delayedtrue complete
CASE 18 recurring noise0.0 delayedfalse complete
CASE 19 recurring noise0.0 delayedtrue complete
CASE 20 recurring noise0.1 delayedfalse complete
CASE 21 recurring noise0.1 delayedtrue complete
CASE 22 recurring noise0.2 delayedfalse complete
CASE 23 recurring noise0.2 delayedtrue complete
CASE 24 stationary noise0.0 delayedfalse complete
CASE 25 stationary noise0.0 delayedtrue complete
CASE 26 stationary noise0.1 delayedfalse complete
CASE 27 stationary noise0.1 delayedtrue complete
CASE 28 stationary noise0.2 delayedfalse complete
CASE 29 stationary noise0.2 delayedtrue complete
CASE 30 abrupt noise0.0 delayedfalse complete
CASE 31 abrupt noise0.0 delayedtrue complete
CASE 32 abrupt noise0.1 delayedfalse complete
CASE 33 abrupt noise0.1 delayedtrue complete
CASE 34 abrupt noise0.2 delayedfalse complete
CASE 35 abrupt noise0.2 delayedtrue complete
CASE 36 gradual noise0.0 delayedfalse complete
CASE 37 gradual noise0.0 delayedtrue complete
CASE 38 gradual noise0.1 delayedfalse complete
CASE 39 gradual noise0.1 delayedtrue complete
CASE 40 gradual noise0.2 delayedfalse complete
CASE 41 gradual noise0.2 delayedtrue complete
CASE 42 recurring noise0.0 delayedfalse complete
CASE 43 recurring noise0.0 delayedtrue complete
CASE 44 recurring noise0.1 delayedfalse complete
CASE 45 recurring noise0.1 delayedtrue complete
CASE 46 recurring noise0.2 delayedfalse complete
CASE 47 recurring noise0.2 delayedtrue complete
