goos: darwin
goarch: arm64
pkg: github.com/JuanHuaXu/eventframed/internal/researchregimeprotected
cpu: Apple M4
BenchmarkLedgerOperations/M2/T32/PendingSecond-10         	     290	    408901 ns/op	  369409 B/op	      28 allocs/op
BenchmarkLedgerOperations/M2/T32/PendingSecond-10         	     294	    408662 ns/op	  369409 B/op	      28 allocs/op
BenchmarkLedgerOperations/M2/T32/PendingFirst-10          	     289	    417281 ns/op	  369409 B/op	      28 allocs/op
BenchmarkLedgerOperations/M2/T32/PendingFirst-10          	     292	    410730 ns/op	  369409 B/op	      28 allocs/op
BenchmarkLedgerOperations/M2/T32/Reveal-10                	     432	    280288 ns/op	  218206 B/op	      21 allocs/op
BenchmarkLedgerOperations/M2/T32/Reveal-10                	     435	    274875 ns/op	  219220 B/op	      21 allocs/op
BenchmarkLedgerOperations/M2/T32/Issue-10                 	     968	    123078 ns/op	  458129 B/op	      31 allocs/op
BenchmarkLedgerOperations/M2/T32/Issue-10                 	     961	    123834 ns/op	  456890 B/op	      30 allocs/op
BenchmarkLedgerOperations/M2/T64/PendingSecond-10         	     145	    824428 ns/op	  370944 B/op	      28 allocs/op
BenchmarkLedgerOperations/M2/T64/PendingSecond-10         	     147	    818781 ns/op	  370944 B/op	      28 allocs/op
BenchmarkLedgerOperations/M2/T64/PendingFirst-10          	     145	    822480 ns/op	  370944 B/op	      28 allocs/op
BenchmarkLedgerOperations/M2/T64/PendingFirst-10          	     145	    818101 ns/op	  370945 B/op	      28 allocs/op
BenchmarkLedgerOperations/M2/T64/Reveal-10                	     217	    560519 ns/op	  322350 B/op	      22 allocs/op
BenchmarkLedgerOperations/M2/T64/Reveal-10                	     217	    555507 ns/op	  324310 B/op	      22 allocs/op
BenchmarkLedgerOperations/M2/T64/Issue-10                 	     620	    194682 ns/op	  501491 B/op	      31 allocs/op
BenchmarkLedgerOperations/M2/T64/Issue-10                 	     618	    196354 ns/op	  501570 B/op	      31 allocs/op
BenchmarkLedgerOperations/M150/T32/PendingSecond-10       	     146	    820628 ns/op	  376993 B/op	      28 allocs/op
BenchmarkLedgerOperations/M150/T32/PendingSecond-10       	     146	    810640 ns/op	  376992 B/op	      28 allocs/op
BenchmarkLedgerOperations/M150/T32/PendingFirst-10        	     146	    812148 ns/op	  376993 B/op	      28 allocs/op
BenchmarkLedgerOperations/M150/T32/PendingFirst-10        	     145	    814019 ns/op	  376993 B/op	      28 allocs/op
BenchmarkLedgerOperations/M150/T32/Reveal-10              	     242	    485111 ns/op	  226994 B/op	      21 allocs/op
BenchmarkLedgerOperations/M150/T32/Reveal-10              	     248	    485931 ns/op	  229354 B/op	      21 allocs/op
BenchmarkLedgerOperations/M150/T32/Issue-10               	     362	    327514 ns/op	  468165 B/op	      31 allocs/op
BenchmarkLedgerOperations/M150/T32/Issue-10               	     364	    327182 ns/op	  468948 B/op	      31 allocs/op
BenchmarkLedgerOperations/M150/T64/PendingSecond-10       	      98	   1221624 ns/op	  378529 B/op	      28 allocs/op
BenchmarkLedgerOperations/M150/T64/PendingSecond-10       	     100	   1216936 ns/op	  378528 B/op	      28 allocs/op
BenchmarkLedgerOperations/M150/T64/PendingFirst-10        	      97	   1217927 ns/op	  378528 B/op	      28 allocs/op
BenchmarkLedgerOperations/M150/T64/PendingFirst-10        	      97	   1214560 ns/op	  378528 B/op	      28 allocs/op
BenchmarkLedgerOperations/M150/T64/Reveal-10              	     156	    766483 ns/op	  346027 B/op	      23 allocs/op
BenchmarkLedgerOperations/M150/T64/Reveal-10              	     157	    765199 ns/op	  351334 B/op	      23 allocs/op
BenchmarkLedgerOperations/M150/T64/Issue-10               	     300	    398761 ns/op	  523746 B/op	      32 allocs/op
BenchmarkLedgerOperations/M150/T64/Issue-10               	     298	    401850 ns/op	  526843 B/op	      32 allocs/op
BenchmarkLedgerOperations/M200/T32/PendingSecond-10       	     126	    946931 ns/op	  380065 B/op	      28 allocs/op
BenchmarkLedgerOperations/M200/T32/PendingSecond-10       	     126	    950826 ns/op	  380066 B/op	      28 allocs/op
BenchmarkLedgerOperations/M200/T32/PendingFirst-10        	     126	    951825 ns/op	  380064 B/op	      28 allocs/op
BenchmarkLedgerOperations/M200/T32/PendingFirst-10        	     124	    947642 ns/op	  380064 B/op	      28 allocs/op
BenchmarkLedgerOperations/M200/T32/Reveal-10              	     214	    557491 ns/op	  234562 B/op	      21 allocs/op
BenchmarkLedgerOperations/M200/T32/Reveal-10              	     214	    554741 ns/op	  231664 B/op	      21 allocs/op
BenchmarkLedgerOperations/M200/T32/Issue-10               	     300	    397272 ns/op	  466674 B/op	      30 allocs/op
BenchmarkLedgerOperations/M200/T32/Issue-10               	     302	    400800 ns/op	  469688 B/op	      31 allocs/op
BenchmarkLedgerOperations/M200/T64/PendingSecond-10       	      92	   1358406 ns/op	  381601 B/op	      28 allocs/op
BenchmarkLedgerOperations/M200/T64/PendingSecond-10       	      85	   1358087 ns/op	  381601 B/op	      28 allocs/op
BenchmarkLedgerOperations/M200/T64/PendingFirst-10        	      86	   1360162 ns/op	  381600 B/op	      28 allocs/op
BenchmarkLedgerOperations/M200/T64/PendingFirst-10        	      87	   1354317 ns/op	  381600 B/op	      28 allocs/op
BenchmarkLedgerOperations/M200/T64/Reveal-10              	     144	    833219 ns/op	  343229 B/op	      23 allocs/op
BenchmarkLedgerOperations/M200/T64/Reveal-10              	     144	    832812 ns/op	  339262 B/op	      22 allocs/op
BenchmarkLedgerOperations/M200/T64/Issue-10               	     256	    470312 ns/op	  515814 B/op	      31 allocs/op
BenchmarkLedgerOperations/M200/T64/Issue-10               	     255	    472769 ns/op	  519275 B/op	      31 allocs/op
BenchmarkConstructor/M150-10                              	    2318	     52737 ns/op	   20370 B/op	       9 allocs/op
BenchmarkConstructor/M150-10                              	    2318	     52982 ns/op	   20366 B/op	       9 allocs/op
BenchmarkConstructor/M200-10                              	    1678	     70808 ns/op	   21656 B/op	       9 allocs/op
BenchmarkConstructor/M200-10                              	    1773	     70406 ns/op	   21661 B/op	       9 allocs/op
BenchmarkFullFrontierOldFirst/M150/T2400-10               	       4	  31806146 ns/op	  506528 B/op	      28 allocs/op
BenchmarkFullFrontierOldFirst/M150/T2400-10               	       4	  31127344 ns/op	  506528 B/op	      28 allocs/op
BenchmarkFullFrontierOldFirst/M200/T3200-10               	       3	  41399764 ns/op	  542368 B/op	      28 allocs/op
BenchmarkFullFrontierOldFirst/M200/T3200-10               	       3	  41242528 ns/op	  542368 B/op	      28 allocs/op
BenchmarkFullFrontier/M150/T2400/PendingFirst-10          	     142	    833954 ns/op	  506529 B/op	      28 allocs/op
BenchmarkFullFrontier/M150/T2400/PendingFirst-10          	     136	    838832 ns/op	  506532 B/op	      28 allocs/op
BenchmarkFullFrontier/M150/T2400/RevealFirst-10           	      19	   6191469 ns/op	 3878526 B/op	      25 allocs/op
BenchmarkFullFrontier/M150/T2400/RevealFirst-10           	      18	   6140438 ns/op	 3956529 B/op	      25 allocs/op
BenchmarkFullFrontier/M150/T2400/Issue-10                 	      18	   5960861 ns/op	 3512216 B/op	      31 allocs/op
BenchmarkFullFrontier/M150/T2400/Issue-10                 	      18	   6028722 ns/op	 4253619 B/op	      33 allocs/op
BenchmarkFullFrontier/M200/T3200/PendingFirst-10          	      87	   1411428 ns/op	  542368 B/op	      28 allocs/op
BenchmarkFullFrontier/M200/T3200/PendingFirst-10          	      88	   1413434 ns/op	  542368 B/op	      28 allocs/op
BenchmarkFullFrontier/M200/T3200/RevealFirst-10           	      12	   8542469 ns/op	 4709872 B/op	      25 allocs/op
BenchmarkFullFrontier/M200/T3200/RevealFirst-10           	      13	   8444981 ns/op	 3310320 B/op	      21 allocs/op
BenchmarkFullFrontier/M200/T3200/Issue-10                 	      13	   8090984 ns/op	 4850116 B/op	      32 allocs/op
BenchmarkFullFrontier/M200/T3200/Issue-10                 	      13	   8090093 ns/op	 3558264 B/op	      28 allocs/op
PASS
ok  	github.com/JuanHuaXu/eventframed/internal/researchregimeprotected	13.413s
goos: darwin
goarch: arm64
pkg: github.com/JuanHuaXu/eventframed/internal/researchregimelog
cpu: Apple M4
BenchmarkLedgerOperations/M2/T32/PendingSecond-10         	     178	    667556 ns/op	  704449 B/op	      46 allocs/op
BenchmarkLedgerOperations/M2/T32/PendingSecond-10         	     181	    657410 ns/op	  704417 B/op	      46 allocs/op
BenchmarkLedgerOperations/M2/T32/PendingFirst-10          	     177	    660836 ns/op	  704417 B/op	      46 allocs/op
BenchmarkLedgerOperations/M2/T32/PendingFirst-10          	     181	    658004 ns/op	  704417 B/op	      46 allocs/op
BenchmarkLedgerOperations/M2/T32/Reveal-10                	     298	    397239 ns/op	  390433 B/op	      31 allocs/op
BenchmarkLedgerOperations/M2/T32/Reveal-10                	     295	    396435 ns/op	  391304 B/op	      31 allocs/op
BenchmarkLedgerOperations/M2/T32/Issue-10                 	     798	    147408 ns/op	  632352 B/op	      41 allocs/op
BenchmarkLedgerOperations/M2/T32/Issue-10                 	     812	    148596 ns/op	  633206 B/op	      41 allocs/op
BenchmarkLedgerOperations/M2/T64/PendingSecond-10         	      98	   1264317 ns/op	  705954 B/op	      46 allocs/op
BenchmarkLedgerOperations/M2/T64/PendingSecond-10         	      99	   1266088 ns/op	  705956 B/op	      46 allocs/op
BenchmarkLedgerOperations/M2/T64/PendingFirst-10          	      94	   1269369 ns/op	  705952 B/op	      46 allocs/op
BenchmarkLedgerOperations/M2/T64/PendingFirst-10          	      96	   1264234 ns/op	  705953 B/op	      46 allocs/op
BenchmarkLedgerOperations/M2/T64/Reveal-10                	     152	    781934 ns/op	  505251 B/op	      33 allocs/op
BenchmarkLedgerOperations/M2/T64/Reveal-10                	     152	    780689 ns/op	  501057 B/op	      33 allocs/op
BenchmarkLedgerOperations/M2/T64/Issue-10                 	     537	    225305 ns/op	  685042 B/op	      42 allocs/op
BenchmarkLedgerOperations/M2/T64/Issue-10                 	     523	    241118 ns/op	  682794 B/op	      42 allocs/op
BenchmarkLedgerOperations/M150/T32/PendingSecond-10       	      37	   3127090 ns/op	  712006 B/op	      46 allocs/op
BenchmarkLedgerOperations/M150/T32/PendingSecond-10       	      38	   3358911 ns/op	  712000 B/op	      46 allocs/op
BenchmarkLedgerOperations/M150/T32/PendingFirst-10        	      39	   2968657 ns/op	  712000 B/op	      46 allocs/op
BenchmarkLedgerOperations/M150/T32/PendingFirst-10        	      40	   2959552 ns/op	  712000 B/op	      46 allocs/op
BenchmarkLedgerOperations/M150/T32/Reveal-10              	      76	   1535382 ns/op	  401135 B/op	      31 allocs/op
BenchmarkLedgerOperations/M150/T32/Reveal-10              	      79	   1550031 ns/op	  398706 B/op	      30 allocs/op
BenchmarkLedgerOperations/M150/T32/Issue-10               	      88	   1287125 ns/op	  644097 B/op	      41 allocs/op
BenchmarkLedgerOperations/M150/T32/Issue-10               	      91	   1285826 ns/op	  646792 B/op	      41 allocs/op
BenchmarkLedgerOperations/M150/T64/PendingSecond-10       	      33	   3574044 ns/op	  713539 B/op	      46 allocs/op
BenchmarkLedgerOperations/M150/T64/PendingSecond-10       	      34	   3540828 ns/op	  713536 B/op	      46 allocs/op
BenchmarkLedgerOperations/M150/T64/PendingFirst-10        	      33	   3629290 ns/op	  713536 B/op	      46 allocs/op
BenchmarkLedgerOperations/M150/T64/PendingFirst-10        	      33	   3562342 ns/op	  713536 B/op	      46 allocs/op
BenchmarkLedgerOperations/M150/T64/Reveal-10              	      62	   1927847 ns/op	  534178 B/op	      34 allocs/op
BenchmarkLedgerOperations/M150/T64/Reveal-10              	      62	   1931791 ns/op	  515720 B/op	      32 allocs/op
BenchmarkLedgerOperations/M150/T64/Issue-10               	      88	   1362262 ns/op	  694726 B/op	      41 allocs/op
BenchmarkLedgerOperations/M150/T64/Issue-10               	      82	   1362574 ns/op	  697349 B/op	      41 allocs/op
BenchmarkLedgerOperations/M200/T32/PendingSecond-10       	      32	   3693319 ns/op	  715072 B/op	      46 allocs/op
BenchmarkLedgerOperations/M200/T32/PendingSecond-10       	      32	   3715583 ns/op	  715075 B/op	      46 allocs/op
BenchmarkLedgerOperations/M200/T32/PendingFirst-10        	      32	   3744617 ns/op	  715072 B/op	      46 allocs/op
BenchmarkLedgerOperations/M200/T32/PendingFirst-10        	      32	   3709229 ns/op	  715072 B/op	      46 allocs/op
BenchmarkLedgerOperations/M200/T32/Reveal-10              	      61	   1929918 ns/op	  407721 B/op	      31 allocs/op
BenchmarkLedgerOperations/M200/T32/Reveal-10              	      62	   1926946 ns/op	  407432 B/op	      31 allocs/op
BenchmarkLedgerOperations/M200/T32/Issue-10               	      67	   1707859 ns/op	  647106 B/op	      41 allocs/op
BenchmarkLedgerOperations/M200/T32/Issue-10               	      70	   1684799 ns/op	  646125 B/op	      41 allocs/op
BenchmarkLedgerOperations/M200/T64/PendingSecond-10       	      27	   4348346 ns/op	  716608 B/op	      46 allocs/op
BenchmarkLedgerOperations/M200/T64/PendingSecond-10       	      27	   4340790 ns/op	  716612 B/op	      46 allocs/op
BenchmarkLedgerOperations/M200/T64/PendingFirst-10        	      27	   4320279 ns/op	  716612 B/op	      46 allocs/op
BenchmarkLedgerOperations/M200/T64/PendingFirst-10        	      27	   4332563 ns/op	  716608 B/op	      46 allocs/op
BenchmarkLedgerOperations/M200/T64/Reveal-10              	      51	   2346662 ns/op	  539540 B/op	      34 allocs/op
BenchmarkLedgerOperations/M200/T64/Reveal-10              	      50	   2312379 ns/op	  540554 B/op	      34 allocs/op
BenchmarkLedgerOperations/M200/T64/Issue-10               	      68	   1763083 ns/op	  702074 B/op	      42 allocs/op
BenchmarkLedgerOperations/M200/T64/Issue-10               	      67	   1758897 ns/op	  711234 B/op	      43 allocs/op
BenchmarkConstructor/M150-10                              	     580	    203848 ns/op	  188062 B/op	      18 allocs/op
BenchmarkConstructor/M150-10                              	     594	    204169 ns/op	  188068 B/op	      18 allocs/op
BenchmarkConstructor/M200-10                              	     450	    269241 ns/op	  189408 B/op	      18 allocs/op
BenchmarkConstructor/M200-10                              	     450	    269217 ns/op	  189376 B/op	      18 allocs/op
BenchmarkFullFrontierOldFirst/M150/T2400-10               	       3	  49338111 ns/op	  841536 B/op	      46 allocs/op
BenchmarkFullFrontierOldFirst/M150/T2400-10               	       3	  49591153 ns/op	  841536 B/op	      46 allocs/op
BenchmarkFullFrontierOldFirst/M200/T3200-10               	       2	  66085125 ns/op	  877376 B/op	      46 allocs/op
BenchmarkFullFrontierOldFirst/M200/T3200-10               	       2	  66316334 ns/op	  877376 B/op	      46 allocs/op
BenchmarkFullFrontier/M150/T2400/PendingFirst-10          	      40	   2931670 ns/op	  841541 B/op	      46 allocs/op
BenchmarkFullFrontier/M150/T2400/PendingFirst-10          	      40	   2941107 ns/op	  841544 B/op	      46 allocs/op
BenchmarkFullFrontier/M150/T2400/RevealFirst-10           	      15	   7371483 ns/op	 3531017 B/op	      32 allocs/op
BenchmarkFullFrontier/M150/T2400/RevealFirst-10           	      15	   7033939 ns/op	 3531024 B/op	      32 allocs/op
BenchmarkFullFrontier/M150/T2400/Issue-10                 	      15	   6782161 ns/op	 3827986 B/op	      40 allocs/op
BenchmarkFullFrontier/M150/T2400/Issue-10                 	      15	   6710003 ns/op	 3827986 B/op	      40 allocs/op
BenchmarkFullFrontier/M200/T3200/PendingFirst-10          	      27	   4424565 ns/op	  877376 B/op	      46 allocs/op
BenchmarkFullFrontier/M200/T3200/PendingFirst-10          	      26	   4379877 ns/op	  877376 B/op	      46 allocs/op
BenchmarkFullFrontier/M200/T3200/RevealFirst-10           	      12	   9577021 ns/op	 3477966 B/op	      30 allocs/op
BenchmarkFullFrontier/M200/T3200/RevealFirst-10           	      12	   9857809 ns/op	 6276987 B/op	      38 allocs/op
BenchmarkFullFrontier/M200/T3200/Issue-10                 	      12	   9033820 ns/op	 5125266 B/op	      41 allocs/op
BenchmarkFullFrontier/M200/T3200/Issue-10                 	      13	   8980375 ns/op	 3725832 B/op	      37 allocs/op
PASS
ok  	github.com/JuanHuaXu/eventframed/internal/researchregimelog	11.424s
