=== RUN   TestAnalyticEnvelopeAgainstIndependentUnrestrictedDense
--- PASS: TestAnalyticEnvelopeAgainstIndependentUnrestrictedDense (0.57s)
=== RUN   TestCacheBoundariesLateEvidenceAndRefresh
--- PASS: TestCacheBoundariesLateEvidenceAndRefresh (6.72s)
=== RUN   TestUncappedCachedPrefixAndAtomicHistoryLimit
--- PASS: TestUncappedCachedPrefixAndAtomicHistoryLimit (2.17s)
=== RUN   TestFullWorkloadReferenceAndResourceShape
    cache_test.go:202: M150 T2400 support payload 1381968 bytes, cached component payload 233856 bytes; excludes heap/scratch/headers/publication/RSS
    cache_test.go:202: M200 T3200 support payload 1842768 bytes, cached component payload 233856 bytes; excludes heap/scratch/headers/publication/RSS
--- PASS: TestFullWorkloadReferenceAndResourceShape (12.10s)
=== RUN   TestColdUnknownSetupMatchesIssuedPrefix
--- PASS: TestColdUnknownSetupMatchesIssuedPrefix (0.40s)
=== RUN   TestCanonicalIssueRevealAndRefresh
    ledger_test.go:303: 108 configurations, 2376 publications, 138699 checks, max oracle 6.252776074688882e-12, tower 1.887379141862766e-15, receipt 1.1102230246251565e-15, explicit query abstentions 0
--- PASS: TestCanonicalIssueRevealAndRefresh (24.97s)
=== RUN   TestFull64DelayedAndFutureForks
--- PASS: TestFull64DelayedAndFutureForks (5.49s)
=== RUN   TestOwnershipBindingsAndFailedOperations
--- PASS: TestOwnershipBindingsAndFailedOperations (0.01s)
=== RUN   TestEmptySnapshotAndRefreshIdentity
--- PASS: TestEmptySnapshotAndRefreshIdentity (0.00s)
=== RUN   TestJointDimensionBindingAndRescuedLatestPair
--- PASS: TestJointDimensionBindingAndRescuedLatestPair (0.26s)
=== RUN   TestMemberOddsSurviveEndpointAndEvidenceReversal
    numeric_test.go:78: member endpoint reversal: V81 0.980000000, log/closed-form 0.320000000
--- PASS: TestMemberOddsSurviveEndpointAndEvidenceReversal (0.01s)
=== RUN   TestTinyTransitionsAndBranchMassMetadata
--- PASS: TestTinyTransitionsAndBranchMassMetadata (1.04s)
=== RUN   TestProtectedKeysAndRestartOnlyNegativeControl
--- PASS: TestProtectedKeysAndRestartOnlyNegativeControl (0.68s)
=== RUN   TestProtectedOldAndLatestContradictions
--- PASS: TestProtectedOldAndLatestContradictions (2.91s)
=== RUN   TestNoResetLongPositiveLogRescue
    protect_test.go:188: POSITIVE LOG RESCUE: oracle logp=-1321.2095576498039; max log defect=1.6416379367001355e-10; float probability0 explicitly Underflow=true; actual reveal accepted
--- PASS: TestNoResetLongPositiveLogRescue (0.80s)
PASS
ok  	github.com/JuanHuaXu/eventframed/internal/researchregimelog	59.336s
